Component: ARM Compiler 5.06 update 6 (build 750) Tool: armlink [4d35ed]

==============================================================================

Section Cross References

    startup_stm32f10x_hd.o(STACK) refers (Special) to heapauxi.o(.text) for __use_two_region_memory
    startup_stm32f10x_hd.o(HEAP) refers (Special) to heapauxi.o(.text) for __use_two_region_memory
    startup_stm32f10x_hd.o(RESET) refers (Special) to heapauxi.o(.text) for __use_two_region_memory
    startup_stm32f10x_hd.o(RESET) refers to startup_stm32f10x_hd.o(STACK) for __initial_sp
    startup_stm32f10x_hd.o(RESET) refers to startup_stm32f10x_hd.o(.text) for Reset_Handler
    startup_stm32f10x_hd.o(RESET) refers to stm32f10x_it.o(i.NMI_Handler) for NMI_Handler
    startup_stm32f10x_hd.o(RESET) refers to stm32f10x_it.o(i.HardFault_Handler) for HardFault_Handler
    startup_stm32f10x_hd.o(RESET) refers to stm32f10x_it.o(i.MemManage_Handler) for MemManage_Handler
    startup_stm32f10x_hd.o(RESET) refers to stm32f10x_it.o(i.BusFault_Handler) for BusFault_Handler
    startup_stm32f10x_hd.o(RESET) refers to stm32f10x_it.o(i.UsageFault_Handler) for UsageFault_Handler
    startup_stm32f10x_hd.o(RESET) refers to stm32f10x_it.o(i.SVC_Handler) for SVC_Handler
    startup_stm32f10x_hd.o(RESET) refers to stm32f10x_it.o(i.DebugMon_Handler) for DebugMon_Handler
    startup_stm32f10x_hd.o(RESET) refers to stm32f10x_it.o(i.PendSV_Handler) for PendSV_Handler
    startup_stm32f10x_hd.o(RESET) refers to stm32f10x_it.o(i.SysTick_Handler) for SysTick_Handler
    startup_stm32f10x_hd.o(RESET) refers to adc.o(i.DMA1_Channel1_IRQHandler) for DMA1_Channel1_IRQHandler
    startup_stm32f10x_hd.o(RESET) refers to pwm.o(i.TIM2_IRQHandler) for TIM2_IRQHandler
    startup_stm32f10x_hd.o(RESET) refers to pwm.o(i.TIM3_IRQHandler) for TIM3_IRQHandler
    startup_stm32f10x_hd.o(RESET) refers to adc.o(i.TIM5_IRQHandler) for TIM5_IRQHandler
    startup_stm32f10x_hd.o(RESET) refers to bsp.o(i.UART4_IRQHandler) for UART4_IRQHandler
    startup_stm32f10x_hd.o(RESET) refers to stm32f10x_it.o(i.UART5_IRQHandler) for UART5_IRQHandler
    startup_stm32f10x_hd.o(.text) refers (Special) to heapauxi.o(.text) for __use_two_region_memory
    startup_stm32f10x_hd.o(.text) refers to system_stm32f10x.o(i.SystemInit) for SystemInit
    startup_stm32f10x_hd.o(.text) refers to __main.o(!!!main) for __main
    startup_stm32f10x_hd.o(.text) refers to startup_stm32f10x_hd.o(HEAP) for Heap_Mem
    startup_stm32f10x_hd.o(.text) refers to startup_stm32f10x_hd.o(STACK) for Stack_Mem
    adc.o(i.ADC_Configuration) refers to stm32f10x_rcc.o(i.RCC_AHBPeriphClockCmd) for RCC_AHBPeriphClockCmd
    adc.o(i.ADC_Configuration) refers to stm32f10x_rcc.o(i.RCC_APB2PeriphClockCmd) for RCC_APB2PeriphClockCmd
    adc.o(i.ADC_Configuration) refers to adc.o(i.NVIC_Configuration) for NVIC_Configuration
    adc.o(i.ADC_Configuration) refers to adc.o(i.GPIO_Configuration) for GPIO_Configuration
    adc.o(i.ADC_Configuration) refers to adc.o(i.TIM5_Configuration) for TIM5_Configuration
    adc.o(i.ADC_Configuration) refers to stm32f10x_dma.o(i.DMA_DeInit) for DMA_DeInit
    adc.o(i.ADC_Configuration) refers to stm32f10x_dma.o(i.DMA_Init) for DMA_Init
    adc.o(i.ADC_Configuration) refers to stm32f10x_dma.o(i.DMA_Cmd) for DMA_Cmd
    adc.o(i.ADC_Configuration) refers to stm32f10x_adc.o(i.ADC_Init) for ADC_Init
    adc.o(i.ADC_Configuration) refers to stm32f10x_rcc.o(i.RCC_ADCCLKConfig) for RCC_ADCCLKConfig
    adc.o(i.ADC_Configuration) refers to stm32f10x_adc.o(i.ADC_RegularChannelConfig) for ADC_RegularChannelConfig
    adc.o(i.ADC_Configuration) refers to stm32f10x_adc.o(i.ADC_ResetCalibration) for ADC_ResetCalibration
    adc.o(i.ADC_Configuration) refers to stm32f10x_adc.o(i.ADC_GetResetCalibrationStatus) for ADC_GetResetCalibrationStatus
    adc.o(i.ADC_Configuration) refers to stm32f10x_adc.o(i.ADC_StartCalibration) for ADC_StartCalibration
    adc.o(i.ADC_Configuration) refers to stm32f10x_adc.o(i.ADC_GetCalibrationStatus) for ADC_GetCalibrationStatus
    adc.o(i.ADC_Configuration) refers to stm32f10x_adc.o(i.ADC_SoftwareStartConvCmd) for ADC_SoftwareStartConvCmd
    adc.o(i.ADC_Configuration) refers to stm32f10x_dma.o(i.DMA_ClearITPendingBit) for DMA_ClearITPendingBit
    adc.o(i.ADC_Configuration) refers to stm32f10x_dma.o(i.DMA_ITConfig) for DMA_ITConfig
    adc.o(i.ADC_Configuration) refers to stm32f10x_adc.o(i.ADC_DMACmd) for ADC_DMACmd
    adc.o(i.ADC_Configuration) refers to stm32f10x_adc.o(i.ADC_Cmd) for ADC_Cmd
    adc.o(i.ADC_Configuration) refers to adc.o(.bss) for DMA_InitStructure
    adc.o(i.ADC_Configuration) refers to adc.o(.data) for ADCConvertedValue
    adc.o(i.DMA1_Channel1_IRQHandler) refers to stm32f10x_dma.o(i.DMA_GetITStatus) for DMA_GetITStatus
    adc.o(i.DMA1_Channel1_IRQHandler) refers to stm32f10x_dma.o(i.DMA_ClearITPendingBit) for DMA_ClearITPendingBit
    adc.o(i.DMA1_Channel1_IRQHandler) refers to stm32f10x_adc.o(i.ADC_DMACmd) for ADC_DMACmd
[...]
    ..\Libraries\STM32F10x_StdPeriph_Driver\src\stm32f10x_exti.c 0x00000000   Number         0  stm32f10x_exti.o ABSOLUTE
    ..\Libraries\STM32F10x_StdPeriph_Driver\src\stm32f10x_flash.c 0x00000000   Number         0  stm32f10x_flash.o ABSOLUTE
    ..\Libraries\STM32F10x_StdPeriph_Driver\src\stm32f10x_fsmc.c 0x00000000   Number         0  stm32f10x_fsmc.o ABSOLUTE
    ..\Libraries\STM32F10x_StdPeriph_Driver\src\stm32f10x_gpio.c 0x00000000   Number         0  stm32f10x_gpio.o ABSOLUTE
    ..\Libraries\STM32F10x_StdPeriph_Driver\src\stm32f10x_i2c.c 0x00000000   Number         0  stm32f10x_i2c.o ABSOLUTE
    ..\Libraries\STM32F10x_StdPeriph_Driver\src\stm32f10x_iwdg.c 0x00000000   Number         0  stm32f10x_iwdg.o ABSOLUTE
    ..\Libraries\STM32F10x_StdPeriph_Driver\src\stm32f10x_pwr.c 0x00000000   Number         0  stm32f10x_pwr.o ABSOLUTE
    ..\Libraries\STM32F10x_StdPeriph_Driver\src\stm32f10x_rcc.c 0x00000000   Number         0  stm32f10x_rcc.o ABSOLUTE
    ..\Libraries\STM32F10x_StdPeriph_Driver\src\stm32f10x_rtc.c 0x00000000   Number         0  stm32f10x_rtc.o ABSOLUTE
    ..\Libraries\STM32F10x_StdPeriph_Driver\src\stm32f10x_sdio.c 0x00000000   Number         0  stm32f10x_sdio.o ABSOLUTE
    ..\Libraries\STM32F10x_StdPeriph_Driver\src\stm32f10x_spi.c 0x00000000   Number         0  stm32f10x_spi.o ABSOLUTE
    ..\Libraries\STM32F10x_StdPeriph_Driver\src\stm32f10x_tim.c 0x00000000   Number         0  stm32f10x_tim.o ABSOLUTE
    ..\Libraries\STM32F10x_StdPeriph_Driver\src\stm32f10x_usart.c 0x00000000   Number         0  stm32f10x_usart.o ABSOLUTE
    ..\Libraries\STM32F10x_StdPeriph_Driver\src\stm32f10x_wwdg.c 0x00000000   Number         0  stm32f10x_wwdg.o ABSOLUTE
    ..\Libraries\Startup\startup_stm32f10x_hd.s 0x00000000   Number         0  startup_stm32f10x_hd.o ABSOLUTE
    ..\\Libraries\\CMSIS\\core_cm3.c         0x00000000   Number         0  core_cm3.o ABSOLUTE
    dc.s                                     0x00000000   Number         0  dc.o ABSOLUTE
    RESET                                    0x08000000   Section      304  startup_stm32f10x_hd.o(RESET)
    !!!main                                  0x08000130   Section        8  __main.o(!!!main)
    !!!scatter                               0x08000138   Section       52  __scatter.o(!!!scatter)
    !!dczerorl2                              0x0800016c   Section       90  __dczerorl2.o(!!dczerorl2)
    !!handler_zi                             0x080001c8   Section       28  __scatter_zi.o(!!handler_zi)
    .ARM.Collect$$libinit$$00000000          0x080001e4   Section        2  libinit.o(.ARM.Collect$$libinit$$00000000)
    .ARM.Collect$$libinit$$00000002          0x080001e6   Section        0  libinit2.o(.ARM.Collect$$libinit$$00000002)
    .ARM.Collect$$libinit$$00000004          0x080001e6   Section        0  libinit2.o(.ARM.Collect$$libinit$$00000004)
    .ARM.Collect$$libinit$$0000000A          0x080001e6   Section        0  libinit2.o(.ARM.Collect$$libinit$$0000000A)
    .ARM.Collect$$libinit$$0000000C          0x080001e6   Section        0  libinit2.o(.ARM.Collect$$libinit$$0000000C)
    .ARM.Collect$$libinit$$0000000E          0x080001e6   Section        0  libinit2.o(.ARM.Collect$$libinit$$0000000E)
    .ARM.Collect$$libinit$$00000011          0x080001e6   Section        0  libinit2.o(.ARM.Collect$$libinit$$00000011)
    .ARM.Collect$$libinit$$00000013          0x080001e6   Section        0  libinit2.o(.ARM.Collect$$libinit$$00000013)
    .ARM.Collect$$libinit$$00000015          0x080001e6   Section        0  libinit2.o(.ARM.Collect$$libinit$$00000015)
    .ARM.Collect$$libinit$$00000017          0x080001e6   Section        0  libinit2.o(.ARM.Collect$$libinit$$00000017)
    .ARM.Collect$$libinit$$00000019          0x080001e6   Section        0  libinit2.o(.ARM.Collect$$libinit$$00000019)
    .ARM.Collect$$libinit$$0000001B          0x080001e6   Section        0  libinit2.o(.ARM.Collect$$libinit$$0000001B)
    .ARM.Collect$$libinit$$0000001D          0x080001e6   Section        0  libinit2.o(.ARM.Collect$$libinit$$0000001D)
    .ARM.Collect$$libinit$$0000001F          0x080001e6   Section        0  libinit2.o(.ARM.Collect$$libinit$$0000001F)
    .ARM.Collect$$libinit$$00000021          0x080001e6   Section        0  libinit2.o(.ARM.Collect$$libinit$$00000021)
    .ARM.Collect$$libinit$$00000023          0x080001e6   Section        0  libinit2.o(.ARM.Collect$$libinit$$00000023)
    .ARM.Collect$$libinit$$00000025          0x080001e6   Section        0  libinit2.o(.ARM.Collect$$libinit$$00000025)
    .ARM.Collect$$libinit$$0000002C          0x080001e6   Section        0  libinit2.o(.ARM.Collect$$libinit$$0000002C)
    .ARM.Collect$$libinit$$0000002E          0x080001e6   Section        0  libinit2.o(.ARM.Collect$$libinit$$0000002E)
    .ARM.Collect$$libinit$$00000030          0x080001e6   Section        0  libinit2.o(.ARM.Collect$$libinit$$00000030)
    .ARM.Collect$$libinit$$00000032          0x080001e6   Section        0  libinit2.o(.ARM.Collect$$libinit$$00000032)
    .ARM.Collect$$libinit$$00000033          0x080001e6   Section        2  libinit2.o(.ARM.Collect$$libinit$$00000033)
    .ARM.Collect$$libshutdown$$00000000      0x080001e8   Section        2  libshutdown.o(.ARM.Collect$$libshutdown$$00000000)
    .ARM.Collect$$libshutdown$$00000002      0x080001ea   Section        0  libshutdown2.o(.ARM.Collect$$libshutdown$$00000002)
    .ARM.Collect$$libshutdown$$00000004      0x080001ea   Section        0  libshutdown2.o(.ARM.Collect$$libshutdown$$00000004)
    .ARM.Collect$$libshutdown$$00000007      0x080001ea   Section        0  libshutdown2.o(.ARM.Collect$$libshutdown$$00000007)
    .ARM.Collect$$libshutdown$$0000000A      0x080001ea   Section        0  libshutdown2.o(.ARM.Collect$$libshutdown$$0000000A)
    .ARM.Collect$$libshutdown$$0000000C      0x080001ea   Section        0  libshutdown2.o(.ARM.Collect$$libshutdown$$0000000C)
    .ARM.Collect$$libshutdown$$0000000F      0x080001ea   Section        0  libshutdown2.o(.ARM.Collect$$libshutdown$$0000000F)
    .ARM.Collect$$libshutdown$$00000010      0x080001ea   Section        2  libshutdown2.o(.ARM.Collect$$libshutdown$$00000010)
    .ARM.Collect$$rtentry$$00000000          0x080001ec   Section        0  __rtentry.o(.ARM.Collect$$rtentry$$00000000)
    .ARM.Collect$$rtentry$$00000002          0x080001ec   Section        0  __rtentry2.o(.ARM.Collect$$rtentry$$00000002)
    .ARM.Collect$$rtentry$$00000004          0x080001ec   Section        6  __rtentry4.o(.ARM.Collect$$rtentry$$00000004)
    .ARM.Collect$$rtentry$$00000009          0x080001f2   Section        0  __rtentry2.o(.ARM.Collect$$rtentry$$00000009)
    .ARM.Collect$$rtentry$$0000000A          0x080001f2   Section        4  __rtentry2.o(.ARM.Collect$$rtentry$$0000000A)
    .ARM.Collect$$rtentry$$0000000C          0x080001f6   Section        0  __rtentry2.o(.ARM.Collect$$rtentry$$0000000C)
    .ARM.Collect$$rtentry$$0000000D          0x080001f6   Section        8  __rtentry2.o(.ARM.Collect$$rtentry$$0000000D)
    .ARM.Collect$$rtexit$$00000000           0x080001fe   Section        2  rtexit.o(.ARM.Collect$$rtexit$$00000000)
    .ARM.Collect$$rtexit$$00000002           0x08000200   Section        0  rtexit2.o(.ARM.Collect$$rtexit$$00000002)
    .ARM.Collect$$rtexit$$00000003           0x08000200   Section        4  rtexit2.o(.ARM.Collect$$rtexit$$00000003)
    .ARM.Collect$$rtexit$$00000004           0x08000204   Section        6  rtexit2.o(.ARM.Collect$$rtexit$$00000004)
    .text                                    0x0800020c   Section       64  startup_stm32f10x_hd.o(.text)
    .text                                    0x0800024c   Section        0  heapauxi.o(.text)
    .text                                    0x08000252   Section       74  sys_stackheap_outer.o(.text)
    .text                                    0x0800029c   Section        0  exit.o(.text)
    .text                                    0x080002b0   Section        8  libspace.o(.text)
    .text                                    0x080002b8   Section        0  sys_exit.o(.text)
    .text                                    0x080002c4   Section        2  use_no_semi.o(.text)
    .text                                    0x080002c6   Section        0  indicate_semi.o(.text)
    i.ADC_Cmd                                0x080002c6   Section        0  stm32f10x_adc.o(i.ADC_Cmd)
    i.ADC_Configuration                      0x080002dc   Section        0  adc.o(i.ADC_Configuration)
    i.ADC_DMACmd                             0x0800040c   Section        0  stm32f10x_adc.o(i.ADC_DMACmd)
    i.ADC_GetCalibrationStatus               0x08000422   Section        0  stm32f10x_adc.o(i.ADC_GetCalibrationStatus)
    i.ADC_GetResetCalibrationStatus          0x08000436   Section        0  stm32f10x_adc.o(i.ADC_GetResetCalibrationStatus)
    i.ADC_Init                               0x0800044c   Section        0  stm32f10x_adc.o(i.ADC_Init)
    i.ADC_RegularChannelConfig               0x0800049c   Section        0  stm32f10x_adc.o(i.ADC_RegularChannelConfig)
    i.ADC_ResetCalibration                   0x08000554   Section        0  stm32f10x_adc.o(i.ADC_ResetCalibration)
    i.ADC_SoftwareStartConvCmd               0x0800055e   Section        0  stm32f10x_adc.o(i.ADC_SoftwareStartConvCmd)
    i.ADC_StartCalibration                   0x08000574   Section        0  stm32f10x_adc.o(i.ADC_StartCalibration)
    i.Alarm_Ctrl                             0x08000580   Section        0  bsp.o(i.Alarm_Ctrl)
    i.Area_Init                              0x080005a4   Section        0  operate.o(i.Area_Init)
    i.BSP_Configuration                      0x080005fc   Section        0  bsp.o(i.BSP_Configuration)
    i.BSP_EXTI_Configuration                 0x0800060c   Section        0  bsp.o(i.BSP_EXTI_Configuration)
    i.BSP_GPIO_Configuration                 0x08000634   Section        0  bsp.o(i.BSP_GPIO_Configuration)
    i.BSP_RCC_Configuration                  0x080006f4   Section        0  bsp.o(i.BSP_RCC_Configuration)
    i.BSP_USART_Configuration                0x0800071c   Section        0  bsp.o(i.BSP_USART_Configuration)
    i.BusFault_Handler                       0x08000768   Section        0  stm32f10x_it.o(i.BusFault_Handler)
    i.Check_Key                              0x0800076c   Section        0  keypad.o(i.Check_Key)
    i.DMA1_Channel1_IRQHandler               0x080007ec   Section        0  adc.o(i.DMA1_Channel1_IRQHandler)
    i.DMA_ClearITPendingBit                  0x0800098c   Section        0  stm32f10x_dma.o(i.DMA_ClearITPendingBit)
    i.DMA_Cmd                                0x080009a8   Section        0  stm32f10x_dma.o(i.DMA_Cmd)
    i.DMA_DeInit                             0x080009c0   Section        0  stm32f10x_dma.o(i.DMA_DeInit)
    i.DMA_GetITStatus                        0x08000b0c   Section        0  stm32f10x_dma.o(i.DMA_GetITStatus)
    i.DMA_ITConfig                           0x08000b38   Section        0  stm32f10x_dma.o(i.DMA_ITConfig)
    i.DMA_Init                               0x08000b4a   Section        0  stm32f10x_dma.o(i.DMA_Init)
    i.DebugMon_Handler                       0x08000b86   Section        0  stm32f10x_it.o(i.DebugMon_Handler)
    i.Delay                                  0x08000b88   Section        0  bsp.o(i.Delay)
    i.FLASH_ClearFlag                        0x08000ba0   Section        0  stm32f10x_flash.o(i.FLASH_ClearFlag)
    i.FLASH_ErasePage                        0x08000bac   Section        0  stm32f10x_flash.o(i.FLASH_ErasePage)
    i.FLASH_GetBank1Status                   0x08000bf8   Section        0  stm32f10x_flash.o(i.FLASH_GetBank1Status)
    i.FLASH_Lock                             0x08000c2c   Section        0  stm32f10x_flash.o(i.FLASH_Lock)
    i.FLASH_ProgramHalfWord                  0x08000c40   Section        0  stm32f10x_flash.o(i.FLASH_ProgramHalfWord)
    i.FLASH_Unlock                           0x08000c80   Section        0  stm32f10x_flash.o(i.FLASH_Unlock)
    i.FLASH_WaitForLastOperation             0x08000c98   Section        0  stm32f10x_flash.o(i.FLASH_WaitForLastOperation)
    i.Flash_Init                             0x08000cc0   Section        0  adjust.o(i.Flash_Init)
    i.Flash_eepromIn                         0x08000d40   Section        0  adjust.o(i.Flash_eepromIn)
    i.GPIO_12864_initin                      0x08000ddc   Section        0  lcd12864.o(i.GPIO_12864_initin)
    i.GPIO_12864_initout                     0x08000e00   Section        0  lcd12864.o(i.GPIO_12864_initout)
    i.GPIO_Configuration                     0x08000e44   Section        0  adc.o(i.GPIO_Configuration)
    i.GPIO_Init                              0x08000e68   Section        0  stm32f10x_gpio.o(i.GPIO_Init)
    i.GPIO_PinRemapConfig                    0x08000f80   Section        0  stm32f10x_gpio.o(i.GPIO_PinRemapConfig)
    i.GPIO_ReadInputData                     0x08001010   Section        0  stm32f10x_gpio.o(i.GPIO_ReadInputData)
    i.GPIO_ReadInputDataBit                  0x08001018   Section        0  stm32f10x_gpio.o(i.GPIO_ReadInputDataBit)
    i.GPIO_ResetBits                         0x0800102a   Section        0  stm32f10x_gpio.o(i.GPIO_ResetBits)
    i.GPIO_SetBits                           0x0800102e   Section        0  stm32f10x_gpio.o(i.GPIO_SetBits)
    i.HardFault_Handler                      0x08001032   Section        0  stm32f10x_it.o(i.HardFault_Handler)
    i.Key_Event                              0x08001038   Section        0  keypad.o(i.Key_Event)
    i.LCD_Busy                               0x080010a8   Section        0  lcd12864.o(i.LCD_Busy)
    i.LCD_Clear_Screen                       0x080010f4   Section        0  lcd12864.o(i.LCD_Clear_Screen)
    i.LCD_Display_Fresh                      0x0800111c   Section        0  lcd12864.o(i.LCD_Display_Fresh)
    i.LCD_Init                               0x080026cc   Section        0  lcd12864.o(i.LCD_Init)
    i.LCD_Position                           0x08002724   Section        0  lcd12864.o(i.LCD_Position)
    i.LCD_WriteCommand                       0x08002754   Section        0  lcd12864.o(i.LCD_WriteCommand)
    i.LCD_WriteData                          0x080027bc   Section        0  lcd12864.o(i.LCD_WriteData)
    i.MOTOR_Set                              0x0800281c   Section        0  motor.o(i.MOTOR_Set)
    i.MemManage_Handler                      0x080031a8   Section        0  stm32f10x_it.o(i.MemManage_Handler)
    i.Motor_Run                              0x080031ac   Section        0  motor.o(i.Motor_Run)
    i.NMI_Handler                            0x080032fc   Section        0  stm32f10x_it.o(i.NMI_Handler)
    i.NVIC_Configuration                     0x080032fe   Section        0  adc.o(i.NVIC_Configuration)
    i.NVIC_Init                              0x08003340   Section        0  misc.o(i.NVIC_Init)
    i.NVIC_PriorityGroupConfig               0x080033b0   Section        0  misc.o(i.NVIC_PriorityGroupConfig)
    i.PendSV_Handler                         0x080033c4   Section        0  stm32f10x_it.o(i.PendSV_Handler)
    i.RCC_ADCCLKConfig                       0x080033c8   Section        0  stm32f10x_rcc.o(i.RCC_ADCCLKConfig)
    i.RCC_AHBPeriphClockCmd                  0x080033e0   Section        0  stm32f10x_rcc.o(i.RCC_AHBPeriphClockCmd)
    i.RCC_APB1PeriphClockCmd                 0x08003400   Section        0  stm32f10x_rcc.o(i.RCC_APB1PeriphClockCmd)
    i.RCC_APB2PeriphClockCmd                 0x08003420   Section        0  stm32f10x_rcc.o(i.RCC_APB2PeriphClockCmd)
    i.RCC_GetClocksFreq                      0x08003440   Section        0  stm32f10x_rcc.o(i.RCC_GetClocksFreq)
    i.SVC_Handler                            0x08003514   Section        0  stm32f10x_it.o(i.SVC_Handler)
    i.Set0_Home                              0x08003518   Section        0  operate.o(i.Set0_Home)
    i.Set1_Area                              0x08003648   Section        0  operate.o(i.Set1_Area)
    i.Set2_Hand                              0x08003960   Section        0  operate.o(i.Set2_Hand)
    i.Set3_Auto                              0x08003e48   Section        0  operate.o(i.Set3_Auto)
    i.Set4_Adjust                            0x08004360   Section        0  adjust.o(i.Set4_Adjust)
    i.SetSysClock                            0x080047be   Section        0  system_stm32f10x.o(i.SetSysClock)
    SetSysClock                              0x080047bf   Thumb Code     8  system_stm32f10x.o(i.SetSysClock)
    i.SetSysClockTo72                        0x080047c8   Section        0  system_stm32f10x.o(i.SetSysClockTo72)
    SetSysClockTo72                          0x080047c9   Thumb Code   214  system_stm32f10x.o(i.SetSysClockTo72)
    i.SysTick_Handler                        0x080048a8   Section        0  stm32f10x_it.o(i.SysTick_Handler)
    i.SystemInit                             0x080048b0   Section        0  system_stm32f10x.o(i.SystemInit)
    i.TI1_Config                             0x08004910   Section        0  stm32f10x_tim.o(i.TI1_Config)
    TI1_Config                               0x08004911   Thumb Code   108  stm32f10x_tim.o(i.TI1_Config)
    i.TI2_Config                             0x08004990   Section        0  stm32f10x_tim.o(i.TI2_Config)
    TI2_Config                               0x08004991   Thumb Code   130  stm32f10x_tim.o(i.TI2_Config)
    i.TI3_Config                             0x08004a28   Section        0  stm32f10x_tim.o(i.TI3_Config)
    TI3_Config                               0x08004a29   Thumb Code   122  stm32f10x_tim.o(i.TI3_Config)
    i.TI4_Config                             0x08004ab8   Section        0  stm32f10x_tim.o(i.TI4_Config)
    TI4_Config                               0x08004ab9   Thumb Code   130  stm32f10x_tim.o(i.TI4_Config)
    i.TIM1_PWM_Init                          0x08004b50   Section        0  pwm.o(i.TIM1_PWM_Init)
    i.TIM2_12864_Init                        0x08004ccc   Section        0  pwm.o(i.TIM2_12864_Init)
    i.TIM2_IRQHandler                        0x08004d30   Section        0  pwm.o(i.TIM2_IRQHandler)
    i.TIM3_Cap_Init                          0x08004d60   Section        0  pwm.o(i.TIM3_Cap_Init)
    i.TIM3_IRQHandler                        0x08004e34   Section        0  pwm.o(i.TIM3_IRQHandler)
    i.TIM4_PWM_Init                          0x0800500c   Section        0  pwm.o(i.TIM4_PWM_Init)
    i.TIM5_Configuration                     0x08005138   Section        0  adc.o(i.TIM5_Configuration)
    i.TIM5_IRQHandler                        0x08005178   Section        0  adc.o(i.TIM5_IRQHandler)
    i.TIM_ARRPreloadConfig                   0x080051a8   Section        0  stm32f10x_tim.o(i.TIM_ARRPreloadConfig)
    i.TIM_BDTRConfig                         0x080051c0   Section        0  stm32f10x_tim.o(i.TIM_BDTRConfig)
    i.TIM_CCxCmd                             0x080051e0   Section        0  stm32f10x_tim.o(i.TIM_CCxCmd)
    i.TIM_CCxNCmd                            0x080051fe   Section        0  stm32f10x_tim.o(i.TIM_CCxNCmd)
    i.TIM_ClearITPendingBit                  0x0800521c   Section        0  stm32f10x_tim.o(i.TIM_ClearITPendingBit)
    i.TIM_Cmd                                0x08005222   Section        0  stm32f10x_tim.o(i.TIM_Cmd)
    i.TIM_CtrlPWMOutputs                     0x0800523a   Section        0  stm32f10x_tim.o(i.TIM_CtrlPWMOutputs)
    i.TIM_GetITStatus                        0x08005258   Section        0  stm32f10x_tim.o(i.TIM_GetITStatus)
    i.TIM_ICInit                             0x0800527c   Section        0  stm32f10x_tim.o(i.TIM_ICInit)
    i.TIM_ITConfig                           0x08005328   Section        0  stm32f10x_tim.o(i.TIM_ITConfig)
    i.TIM_OC1Init                            0x0800533c   Section        0  stm32f10x_tim.o(i.TIM_OC1Init)
    i.TIM_OC1PreloadConfig                   0x080053d4   Section        0  stm32f10x_tim.o(i.TIM_OC1PreloadConfig)
    i.TIM_OC2Init                            0x080053e8   Section        0  stm32f10x_tim.o(i.TIM_OC2Init)
    i.TIM_OC2PreloadConfig                   0x0800548c   Section        0  stm32f10x_tim.o(i.TIM_OC2PreloadConfig)
    i.TIM_OC3Init                            0x080054a8   Section        0  stm32f10x_tim.o(i.TIM_OC3Init)
    i.TIM_OC3PreloadConfig                   0x08005548   Section        0  stm32f10x_tim.o(i.TIM_OC3PreloadConfig)
    i.TIM_OC4Init                            0x0800555c   Section        0  stm32f10x_tim.o(i.TIM_OC4Init)
    i.TIM_OC4PreloadConfig                   0x080055d8   Section        0  stm32f10x_tim.o(i.TIM_OC4PreloadConfig)
    i.TIM_SetAutoreload                      0x080055f2   Section        0  stm32f10x_tim.o(i.TIM_SetAutoreload)
    i.TIM_SetCompare1                        0x080055f6   Section        0  stm32f10x_tim.o(i.TIM_SetCompare1)
    i.TIM_SetCompare2                        0x080055fa   Section        0  stm32f10x_tim.o(i.TIM_SetCompare2)
    i.TIM_SetCompare3                        0x080055fe   Section        0  stm32f10x_tim.o(i.TIM_SetCompare3)
    i.TIM_SetCompare4                        0x08005602   Section        0  stm32f10x_tim.o(i.TIM_SetCompare4)
    i.TIM_SetIC1Prescaler                    0x08005608   Section        0  stm32f10x_tim.o(i.TIM_SetIC1Prescaler)
    i.TIM_SetIC2Prescaler                    0x0800561a   Section        0  stm32f10x_tim.o(i.TIM_SetIC2Prescaler)
    i.TIM_SetIC3Prescaler                    0x08005634   Section        0  stm32f10x_tim.o(i.TIM_SetIC3Prescaler)
    i.TIM_SetIC4Prescaler                    0x08005646   Section        0  stm32f10x_tim.o(i.TIM_SetIC4Prescaler)
    i.TIM_TimeBaseInit                       0x08005660   Section        0  stm32f10x_tim.o(i.TIM_TimeBaseInit)
    i.TimingDelay_Decrement                  0x08005704   Section        0  bsp.o(i.TimingDelay_Decrement)
    i.UART4_IRQHandler                       0x0800571c   Section        0  bsp.o(i.UART4_IRQHandler)
    i.UART5_IRQHandler                       0x08005a74   Section        0  stm32f10x_it.o(i.UART5_IRQHandler)
    i.USART_Cmd                              0x08005aa0   Section        0  stm32f10x_usart.o(i.USART_Cmd)
    i.USART_GetFlagStatus                    0x08005ab8   Section        0  stm32f10x_usart.o(i.USART_GetFlagStatus)
    i.USART_GetITStatus                      0x08005ad2   Section        0  stm32f10x_usart.o(i.USART_GetITStatus)
    i.USART_ITConfig                         0x08005b26   Section        0  stm32f10x_usart.o(i.USART_ITConfig)
    i.USART_Init                             0x08005b70   Section        0  stm32f10x_usart.o(i.USART_Init)
    i.USART_ReceiveData                      0x08005c48   Section        0  stm32f10x_usart.o(i.USART_ReceiveData)
    i.USART_SendData                         0x08005c52   Section        0  stm32f10x_usart.o(i.USART_SendData)
    i.UsageFault_Handler                     0x08005c5a   Section        0  stm32f10x_it.o(i.UsageFault_Handler)
    i.clear_gdram                            0x08005c5e   Section        0  lcd12864.o(i.clear_gdram)
    i.key_scan                               0x08005ca8   Section        0  bsp.o(i.key_scan)
    i.lcd_draw_dot                           0x08005d48   Section        0  lcd12864.o(i.lcd_draw_dot)
    i.lcd_read_data                          0x08005e44   Section        0  lcd12864.o(i.lcd_read_data)
    i.main                                   0x08005e9c   Section        0  main.o(i.main)
    x$fpl$ddiv                               0x08005fbc   Section      688  ddiv.o(x$fpl$ddiv)
    ddiv_entry                               0x08005fc3   Thumb Code     0  ddiv.o(x$fpl$ddiv)
    x$fpl$dfixu                              0x0800626c   Section       90  dfixu.o(x$fpl$dfixu)
    x$fpl$dfltu                              0x080062c6   Section       38  dflt_clz.o(x$fpl$dfltu)
    x$fpl$dmul                               0x080062ec   Section      340  dmul.o(x$fpl$dmul)
    x$fpl$dnaninf                            0x08006440   Section      156  dnaninf.o(x$fpl$dnaninf)
    x$fpl$dretinf                            0x080064dc   Section       12  dretinf.o(x$fpl$dretinf)
    x$fpl$usenofp                            0x080064e8   Section        0  usenofp.o(x$fpl$usenofp)
    .data                                    0x20000000   Section       36  adc.o(.data)
    m                                        0x20000020   Data           4  adc.o(.data)
    .data                                    0x20000024   Section       16  keypad.o(.data)
    .data                                    0x20000034   Section      336  lcd12864.o(.data)
    .data                                    0x20000184   Section      200  motor.o(.data)
    .data                                    0x2000024c   Section       16  pwm.o(.data)
    .data                                    0x2000025c   Section       17  bsp.o(.data)
    RDatNum                                  0x2000026c   Data           1  bsp.o(.data)
    .data                                    0x2000026d   Section       20  stm32f10x_rcc.o(.data)
    APBAHBPrescTable                         0x2000026d   Data          16  stm32f10x_rcc.o(.data)
    ADCPrescTable                            0x2000027d   Data           4  stm32f10x_rcc.o(.data)
    .bss                                     0x20000284   Section       64  adc.o(.bss)
    .bss                                     0x200002c4   Section      208  motor.o(.bss)
    .bss                                     0x20000394   Section       24  bsp.o(.bss)
    .bss                                     0x200003ac   Section       96  libspace.o(.bss)
    HEAP                                     0x20000410   Section      512  startup_stm32f10x_hd.o(HEAP)
    Heap_Mem                                 0x20000410   Data         512  startup_stm32f10x_hd.o(HEAP)
    STACK                                    0x20000610   Section     1024  startup_stm32f10x_hd.o(STACK)
    Stack_Mem                                0x20000610   Data        1024  startup_stm32f10x_hd.o(STACK)
    __initial_sp                             0x20000a10   Data           0  startup_stm32f10x_hd.o(STACK)

    Global Symbols

    Symbol Name                              Value     Ov Type        Size  Object(Section)

    BuildAttributes$$THM_ISAv4$P$D$K$B$S$PE$A:L22UL41UL21$X:L11$S22US41US21$IEEE1$IW$USESV6$~STKCKD$USESV7$~SHL$OSPACE$ROPI$EBA8$UX$STANDARDLIB$REQ8$PRES8$EABIv2 0x00000000   Number         0  anon$$obj.o ABSOLUTE
    __ARM_use_no_argv                        0x00000000   Number         0  main.o ABSOLUTE
    __ARM_exceptions_init                     - Undefined Weak Reference
    __alloca_initialize                       - Undefined Weak Reference
    __arm_preinit_                            - Undefined Weak Reference
    __cpp_initialize__aeabi_                  - Undefined Weak Reference
    __cxa_finalize                            - Undefined Weak Reference
    __rt_locale                               - Undefined Weak Reference
    __sigvec_lookup                           - Undefined Weak Reference
    _atexit_init                              - Undefined Weak Reference
    _call_atexit_fns                          - Undefined Weak Reference
    _clock_init                               - Undefined Weak Reference
    _fp_trap_init                             - Undefined Weak Reference
    _fp_trap_shutdown                         - Undefined Weak Reference
    _get_lc_collate                           - Undefined Weak Reference
    _get_lc_ctype                             - Undefined Weak Reference
    _get_lc_monetary                          - Undefined Weak Reference
    _get_lc_numeric                           - Undefined Weak Reference
    _get_lc_time                              - Undefined Weak Reference
    _getenv_init                              - Undefined Weak Reference
    _handle_redirection                       - Undefined Weak Reference
    _init_alloc                               - Undefined Weak Reference
    _init_user_alloc                          - Undefined Weak Reference
    _initio                                   - Undefined Weak Reference
    _rand_init                                - Undefined Weak Reference
    _signal_finish                            - Undefined Weak Reference
    _signal_init                              - Undefined Weak Reference
    _terminate_alloc                          - Undefined Weak Reference
    _terminate_user_alloc                     - Undefined Weak Reference
    _terminateio                              - Undefined Weak Reference
    __Vectors_Size                           0x00000130   Number         0  startup_stm32f10x_hd.o ABSOLUTE
    __Vectors                                0x08000000   Data           4  startup_stm32f10x_hd.o(RESET)
    __Vectors_End                            0x08000130   Data           0  startup_stm32f10x_hd.o(RESET)
    __main                                   0x08000131   Thumb Code     8  __main.o(!!!main)
    __scatterload                            0x08000139   Thumb Code     0  __scatter.o(!!!scatter)
    __scatterload_rt2                        0x08000139   Thumb Code    44  __scatter.o(!!!scatter)
    __scatterload_rt2_thumb_only             0x08000139   Thumb Code     0  __scatter.o(!!!scatter)
    __scatterload_null                       0x08000147   Thumb Code     0  __scatter.o(!!!scatter)
    __decompress                             0x0800016d   Thumb Code    90  __dczerorl2.o(!!dczerorl2)
    __decompress1                            0x0800016d   Thumb Code     0  __dczerorl2.o(!!dczerorl2)
    __scatterload_zeroinit                   0x080001c9   Thumb Code    28  __scatter_zi.o(!!handler_zi)
    __rt_lib_init                            0x080001e5   Thumb Code     0  libinit.o(.ARM.Collect$$libinit$$00000000)
    __rt_lib_init_alloca_1                   0x080001e7   Thumb Code     0  libinit2.o(.ARM.Collect$$libinit$$0000002E)
    __rt_lib_init_argv_1                     0x080001e7   Thumb Code     0  libinit2.o(.ARM.Collect$$libinit$$0000002C)
    __rt_lib_init_atexit_1                   0x080001e7   Thumb Code     0  libinit2.o(.ARM.Collect$$libinit$$0000001B)
    __rt_lib_init_clock_1                    0x080001e7   Thumb Code     0  libinit2.o(.ARM.Collect$$libinit$$00000021)
    __rt_lib_init_cpp_1                      0x080001e7   Thumb Code     0  libinit2.o(.ARM.Collect$$libinit$$00000032)
    __rt_lib_init_exceptions_1               0x080001e7   Thumb Code     0  libinit2.o(.ARM.Collect$$libinit$$00000030)
    __rt_lib_init_fp_1                       0x080001e7   Thumb Code     0  libinit2.o(.ARM.Collect$$libinit$$00000002)
    __rt_lib_init_fp_trap_1                  0x080001e7   Thumb Code     0  libinit2.o(.ARM.Collect$$libinit$$0000001F)
    __rt_lib_init_getenv_1                   0x080001e7   Thumb Code     0  libinit2.o(.ARM.Collect$$libinit$$00000023)
    __rt_lib_init_heap_1                     0x080001e7   Thumb Code     0  libinit2.o(.ARM.Collect$$libinit$$0000000A)
    __rt_lib_init_lc_collate_1               0x080001e7   Thumb Code     0  libinit2.o(.ARM.Collect$$libinit$$00000011)
    __rt_lib_init_lc_ctype_1                 0x080001e7   Thumb Code     0  libinit2.o(.ARM.Collect$$libinit$$00000013)
    __rt_lib_init_lc_monetary_1              0x080001e7   Thumb Code     0  libinit2.o(.ARM.Collect$$libinit$$00000015)
    __rt_lib_init_lc_numeric_1               0x080001e7   Thumb Code     0  libinit2.o(.ARM.Collect$$libinit$$00000017)
    __rt_lib_init_lc_time_1                  0x080001e7   Thumb Code     0  libinit2.o(.ARM.Collect$$libinit$$00000019)
    __rt_lib_init_preinit_1                  0x080001e7   Thumb Code     0  libinit2.o(.ARM.Collect$$libinit$$00000004)
    __rt_lib_init_rand_1                     0x080001e7   Thumb Code     0  libinit2.o(.ARM.Collect$$libinit$$0000000E)
    __rt_lib_init_return                     0x080001e7   Thumb Code     0  libinit2.o(.ARM.Collect$$libinit$$00000033)
    __rt_lib_init_signal_1                   0x080001e7   Thumb Code     0  libinit2.o(.ARM.Collect$$libinit$$0000001D)
    __rt_lib_init_stdio_1                    0x080001e7   Thumb Code     0  libinit2.o(.ARM.Collect$$libinit$$00000025)
    __rt_lib_init_user_alloc_1               0x080001e7   Thumb Code     0  libinit2.o(.ARM.Collect$$libinit$$0000000C)
    __rt_lib_shutdown                        0x080001e9   Thumb Code     0  libshutdown.o(.ARM.Collect$$libshutdown$$00000000)
    __rt_lib_shutdown_cpp_1                  0x080001eb   Thumb Code     0  libshutdown2.o(.ARM.Collect$$libshutdown$$00000002)
    __rt_lib_shutdown_fp_trap_1              0x080001eb   Thumb Code     0  libshutdown2.o(.ARM.Collect$$libshutdown$$00000007)
    __rt_lib_shutdown_heap_1                 0x080001eb   Thumb Code     0  libshutdown2.o(.ARM.Collect$$libshutdown$$0000000F)
    __rt_lib_shutdown_return                 0x080001eb   Thumb Code     0  libshutdown2.o(.ARM.Collect$$libshutdown$$00000010)
    __rt_lib_shutdown_signal_1               0x080001eb   Thumb Code     0  libshutdown2.o(.ARM.Collect$$libshutdown$$0000000A)
    __rt_lib_shutdown_stdio_1                0x080001eb   Thumb Code     0  libshutdown2.o(.ARM.Collect$$libshutdown$$00000004)
    __rt_lib_shutdown_user_alloc_1           0x080001eb   Thumb Code     0  libshutdown2.o(.ARM.Collect$$libshutdown$$0000000C)
    __rt_entry                               0x080001ed   Thumb Code     0  __rtentry.o(.ARM.Collect$$rtentry$$00000000)
    __rt_entry_presh_1                       0x080001ed   Thumb Code     0  __rtentry2.o(.ARM.Collect$$rtentry$$00000002)
    __rt_entry_sh                            0x080001ed   Thumb Code     0  __rtentry4.o(.ARM.Collect$$rtentry$$00000004)
    __rt_entry_li                            0x080001f3   Thumb Code     0  __rtentry2.o(.ARM.Collect$$rtentry$$0000000A)
    __rt_entry_postsh_1                      0x080001f3   Thumb Code     0  __rtentry2.o(.ARM.Collect$$rtentry$$00000009)
    __rt_entry_main                          0x080001f7   Thumb Code     0  __rtentry2.o(.ARM.Collect$$rtentry$$0000000D)
    __rt_entry_postli_1                      0x080001f7   Thumb Code     0  __rtentry2.o(.ARM.Collect$$rtentry$$0000000C)
    __rt_exit                                0x080001ff   Thumb Code     0  rtexit.o(.ARM.Collect$$rtexit$$00000000)
    __rt_exit_ls                             0x08000201   Thumb Code     0  rtexit2.o(.ARM.Collect$$rtexit$$00000003)
    __rt_exit_prels_1                        0x08000201   Thumb Code     0  rtexit2.o(.ARM.Collect$$rtexit$$00000002)
    __rt_exit_exit                           0x08000205   Thumb Code     0  rtexit2.o(.ARM.Collect$$rtexit$$00000004)
    Reset_Handler                            0x0800020d   Thumb Code     8  startup_stm32f10x_hd.o(.text)
    ADC1_2_IRQHandler                        0x08000227   Thumb Code     0  startup_stm32f10x_hd.o(.text)
    ADC3_IRQHandler                          0x08000227   Thumb Code     0  startup_stm32f10x_hd.o(.text)
    CAN1_RX1_IRQHandler                      0x08000227   Thumb Code     0  startup_stm32f10x_hd.o(.text)
    CAN1_SCE_IRQHandler                      0x08000227   Thumb Code     0  startup_stm32f10x_hd.o(.text)
    DMA1_Channel2_IRQHandler                 0x08000227   Thumb Code     0  startup_stm32f10x_hd.o(.text)
    DMA1_Channel3_IRQHandler                 0x08000227   Thumb Code     0  startup_stm32f10x_hd.o(.text)
    DMA1_Channel4_IRQHandler                 0x08000227   Thumb Code     0  startup_stm32f10x_hd.o(.text)
    DMA1_Channel5_IRQHandler                 0x08000227   Thumb Code     0  startup_stm32f10x_hd.o(.text)
    DMA1_Channel6_IRQHandler                 0x08000227   Thumb Code     0  startup_stm32f10x_hd.o(.text)
    DMA1_Channel7_IRQHandler                 0x08000227   Thumb Code     0  startup_stm32f10x_hd.o(.text)
    DMA2_Channel1_IRQHandler                 0x08000227   Thumb Code     0  startup_stm32f10x_hd.o(.text)
    DMA2_Channel2_IRQHandler                 0x08000227   Thumb Code     0  startup_stm32f10x_hd.o(.text)
    DMA2_Channel3_IRQHandler                 0x08000227   Thumb Code     0  startup_stm32f10x_hd.o(.text)
    DMA2_Channel4_5_IRQHandler               0x08000227   Thumb Code     0  startup_stm32f10x_hd.o(.text)
    EXTI0_IRQHandler                         0x08000227   Thumb Code     0  startup_stm32f10x_hd.o(.text)
    EXTI15_10_IRQHandler                     0x08000227   Thumb Code     0  startup_stm32f10x_hd.o(.text)
    EXTI1_IRQHandler                         0x08000227   Thumb Code     0  startup_stm32f10x_hd.o(.text)
    EXTI2_IRQHandler                         0x08000227   Thumb Code     0  startup_stm32f10x_hd.o(.text)
    EXTI3_IRQHandler                         0x08000227   Thumb Code     0  startup_stm32f10x_hd.o(.text)
    EXTI4_IRQHandler                         0x08000227   Thumb Code     0  startup_stm32f10x_hd.o(.text)
    EXTI9_5_IRQHandler                       0x08000227   Thumb Code     0  startup_stm32f10x_hd.o(.text)
    FLASH_IRQHandler                         0x08000227   Thumb Code     0  startup_stm32f10x_hd.o(.text)
    FSMC_IRQHandler                          0x08000227   Thumb Code     0  startup_stm32f10x_hd.o(.text)
    I2C1_ER_IRQHandler                       0x08000227   Thumb Code     0  startup_stm32f10x_hd.o(.text)
    I2C1_EV_IRQHandler                       0x08000227   Thumb Code     0  startup_stm32f10x_hd.o(.text)
    I2C2_ER_IRQHandler                       0x08000227   Thumb Code     0  startup_stm32f10x_hd.o(.text)
    I2C2_EV_IRQHandler                       0x08000227   Thumb Code     0  startup_stm32f10x_hd.o(.text)
    PVD_IRQHandler                           0x08000227   Thumb Code     0  startup_stm32f10x_hd.o(.text)
    RCC_IRQHandler                           0x08000227   Thumb Code     0  startup_stm32f10x_hd.o(.text)
    RTCAlarm_IRQHandler                      0x08000227   Thumb Code     0  startup_stm32f10x_hd.o(.text)
    RTC_IRQHandler                           0x08000227   Thumb Code     0  startup_stm32f10x_hd.o(.text)
    SDIO_IRQHandler                          0x08000227   Thumb Code     0  startup_stm32f10x_hd.o(.text)
    SPI1_IRQHandler                          0x08000227   Thumb Code     0  startup_stm32f10x_hd.o(.text)
    SPI2_IRQHandler                          0x08000227   Thumb Code     0  startup_stm32f10x_hd.o(.text)
    SPI3_IRQHandler                          0x08000227   Thumb Code     0  startup_stm32f10x_hd.o(.text)
    TAMPER_IRQHandler                        0x08000227   Thumb Code     0  startup_stm32f10x_hd.o(.text)
    TIM1_BRK_IRQHandler                      0x08000227   Thumb Code     0  startup_stm32f10x_hd.o(.text)
    TIM1_CC_IRQHandler                       0x08000227   Thumb Code     0  startup_stm32f10x_hd.o(.text)
    TIM1_TRG_COM_IRQHandler                  0x08000227   Thumb Code     0  startup_stm32f10x_hd.o(.text)
    TIM1_UP_IRQHandler                       0x08000227   Thumb Code     0  startup_stm32f10x_hd.o(.text)
    TIM4_IRQHandler                          0x08000227   Thumb Code     0  startup_stm32f10x_hd.o(.text)
    TIM6_IRQHandler                          0x08000227   Thumb Code     0  startup_stm32f10x_hd.o(.text)
    TIM7_IRQHandler                          0x08000227   Thumb Code     0  startup_stm32f10x_hd.o(.text)
    TIM8_BRK_IRQHandler                      0x08000227   Thumb Code     0  startup_stm32f10x_hd.o(.text)
    TIM8_CC_IRQHandler                       0x08000227   Thumb Code     0  startup_stm32f10x_hd.o(.text)
    TIM8_TRG_COM_IRQHandler                  0x08000227   Thumb Code     0  startup_stm32f10x_hd.o(.text)
    TIM8_UP_IRQHandler                       0x08000227   Thumb Code     0  startup_stm32f10x_hd.o(.text)
    USART1_IRQHandler                        0x08000227   Thumb Code     0  startup_stm32f10x_hd.o(.text)
    USART2_IRQHandler                        0x08000227   Thumb Code     0  startup_stm32f10x_hd.o(.text)
    USART3_IRQHandler                        0x08000227   Thumb Code     0  startup_stm32f10x_hd.o(.text)
    USBWakeUp_IRQHandler                     0x08000227   Thumb Code     0  startup_stm32f10x_hd.o(.text)
    USB_HP_CAN1_TX_IRQHandler                0x08000227   Thumb Code     0  startup_stm32f10x_hd.o(.text)
    USB_LP_CAN1_RX0_IRQHandler               0x08000227   Thumb Code     0  startup_stm32f10x_hd.o(.text)
    WWDG_IRQHandler                          0x08000227   Thumb Code     0  startup_stm32f10x_hd.o(.text)
    __user_initial_stackheap                 0x08000229   Thumb Code     0  startup_stm32f10x_hd.o(.text)
    __use_two_region_memory                  0x0800024d   Thumb Code     2  heapauxi.o(.text)
    __rt_heap_escrow$2region                 0x0800024f   Thumb Code     2  heapauxi.o(.text)
    __rt_heap_expand$2region                 0x08000251   Thumb Code     2  heapauxi.o(.text)
    __user_setup_stackheap                   0x08000253   Thumb Code    74  sys_stackheap_outer.o(.text)
    exit                                     0x0800029d   Thumb Code    18  exit.o(.text)
    __user_libspace                          0x080002b1   Thumb Code     8  libspace.o(.text)
    __user_perproc_libspace                  0x080002b1   Thumb Code     0  libspace.o(.text)
    __user_perthread_libspace                0x080002b1   Thumb Code     0  libspace.o(.text)
    _sys_exit                                0x080002b9   Thumb Code     8  sys_exit.o(.text)
    __I$use$semihosting                      0x080002c5   Thumb Code     0  use_no_semi.o(.text)
    __use_no_semihosting_swi                 0x080002c5   Thumb Code     2  use_no_semi.o(.text)
    ADC_Cmd                                  0x080002c7   Thumb Code    22  stm32f10x_adc.o(i.ADC_Cmd)
    __semihosting_library_function           0x080002c7   Thumb Code     0  indicate_semi.o(.text)
    ADC_Configuration                        0x080002dd   Thumb Code   282  adc.o(i.ADC_Configuration)
    ADC_DMACmd                               0x0800040d   Thumb Code    22  stm32f10x_adc.o(i.ADC_DMACmd)
    ADC_GetCalibrationStatus                 0x08000423   Thumb Code    20  stm32f10x_adc.o(i.ADC_GetCalibrationStatus)
    ADC_GetResetCalibrationStatus            0x08000437   Thumb Code    20  stm32f10x_adc.o(i.ADC_GetResetCalibrationStatus)
    ADC_Init                                 0x0800044d   Thumb Code    70  stm32f10x_adc.o(i.ADC_Init)
    ADC_RegularChannelConfig                 0x0800049d   Thumb Code   184  stm32f10x_adc.o(i.ADC_RegularChannelConfig)
    ADC_ResetCalibration                     0x08000555   Thumb Code    10  stm32f10x_adc.o(i.ADC_ResetCalibration)
    ADC_SoftwareStartConvCmd                 0x0800055f   Thumb Code    22  stm32f10x_adc.o(i.ADC_SoftwareStartConvCmd)
    ADC_StartCalibration                     0x08000575   Thumb Code    10  stm32f10x_adc.o(i.ADC_StartCalibration)
    Alarm_Ctrl                               0x08000581   Thumb Code    32  bsp.o(i.Alarm_Ctrl)
    Area_Init                                0x080005a5   Thumb Code    66  operate.o(i.Area_Init)
    BSP_Configuration                        0x080005fd   Thumb Code    16  bsp.o(i.BSP_Configuration)
    BSP_EXTI_Configuration                   0x0800060d   Thumb Code    40  bsp.o(i.BSP_EXTI_Configuration)
    BSP_GPIO_Configuration                   0x08000635   Thumb Code   178  bsp.o(i.BSP_GPIO_Configuration)
    BSP_RCC_Configuration                    0x080006f5   Thumb Code    40  bsp.o(i.BSP_RCC_Configuration)
    BSP_USART_Configuration                  0x0800071d   Thumb Code    76  bsp.o(i.BSP_USART_Configuration)
    BusFault_Handler                         0x08000769   Thumb Code     4  stm32f10x_it.o(i.BusFault_Handler)
    Check_Key                                0x0800076d   Thumb Code   116  keypad.o(i.Check_Key)
    DMA1_Channel1_IRQHandler                 0x080007ed   Thumb Code   336  adc.o(i.DMA1_Channel1_IRQHandler)
    DMA_ClearITPendingBit                    0x0800098d   Thumb Code    18  stm32f10x_dma.o(i.DMA_ClearITPendingBit)
    DMA_Cmd                                  0x080009a9   Thumb Code    24  stm32f10x_dma.o(i.DMA_Cmd)
    DMA_DeInit                               0x080009c1   Thumb Code   324  stm32f10x_dma.o(i.DMA_DeInit)
    DMA_GetITStatus                          0x08000b0d   Thumb Code    36  stm32f10x_dma.o(i.DMA_GetITStatus)
    DMA_ITConfig                             0x08000b39   Thumb Code    18  stm32f10x_dma.o(i.DMA_ITConfig)
    DMA_Init                                 0x08000b4b   Thumb Code    60  stm32f10x_dma.o(i.DMA_Init)
    DebugMon_Handler                         0x08000b87   Thumb Code     2  stm32f10x_it.o(i.DebugMon_Handler)
    Delay                                    0x08000b89   Thumb Code    20  bsp.o(i.Delay)
    FLASH_ClearFlag                          0x08000ba1   Thumb Code     6  stm32f10x_flash.o(i.FLASH_ClearFlag)
    FLASH_ErasePage                          0x08000bad   Thumb Code    72  stm32f10x_flash.o(i.FLASH_ErasePage)
    FLASH_GetBank1Status                     0x08000bf9   Thumb Code    48  stm32f10x_flash.o(i.FLASH_GetBank1Status)
    FLASH_Lock                               0x08000c2d   Thumb Code    14  stm32f10x_flash.o(i.FLASH_Lock)
    FLASH_ProgramHalfWord                    0x08000c41   Thumb Code    60  stm32f10x_flash.o(i.FLASH_ProgramHalfWord)
    FLASH_Unlock                             0x08000c81   Thumb Code    12  stm32f10x_flash.o(i.FLASH_Unlock)
    FLASH_WaitForLastOperation               0x08000c99   Thumb Code    38  stm32f10x_flash.o(i.FLASH_WaitForLastOperation)
    Flash_Init                               0x08000cc1   Thumb Code   102  adjust.o(i.Flash_Init)
    Flash_eepromIn                           0x08000d41   Thumb Code   130  adjust.o(i.Flash_eepromIn)
    GPIO_12864_initin                        0x08000ddd   Thumb Code    32  lcd12864.o(i.GPIO_12864_initin)
    GPIO_12864_initout                       0x08000e01   Thumb Code    62  lcd12864.o(i.GPIO_12864_initout)
    GPIO_Configuration                       0x08000e45   Thumb Code    32  adc.o(i.GPIO_Configuration)
    GPIO_Init                                0x08000e69   Thumb Code   278  stm32f10x_gpio.o(i.GPIO_Init)
    GPIO_PinRemapConfig                      0x08000f81   Thumb Code   138  stm32f10x_gpio.o(i.GPIO_PinRemapConfig)
    GPIO_ReadInputData                       0x08001011   Thumb Code     8  stm32f10x_gpio.o(i.GPIO_ReadInputData)
    GPIO_ReadInputDataBit                    0x08001019   Thumb Code    18  stm32f10x_gpio.o(i.GPIO_ReadInputDataBit)
    GPIO_ResetBits                           0x0800102b   Thumb Code     4  stm32f10x_gpio.o(i.GPIO_ResetBits)
    GPIO_SetBits                             0x0800102f   Thumb Code     4  stm32f10x_gpio.o(i.GPIO_SetBits)
    HardFault_Handler                        0x08001033   Thumb Code     4  stm32f10x_it.o(i.HardFault_Handler)
    Key_Event                                0x08001039   Thumb Code   100  keypad.o(i.Key_Event)
    LCD_Busy                                 0x080010a9   Thumb Code    70  lcd12864.o(i.LCD_Busy)
    LCD_Clear_Screen                         0x080010f5   Thumb Code    40  lcd12864.o(i.LCD_Clear_Screen)
    LCD_Display_Fresh                        0x0800111d   Thumb Code  5534  lcd12864.o(i.LCD_Display_Fresh)
    LCD_Init                                 0x080026cd   Thumb Code    84  lcd12864.o(i.LCD_Init)
    LCD_Position                             0x08002725   Thumb Code    48  lcd12864.o(i.LCD_Position)
    LCD_WriteCommand                         0x08002755   Thumb Code    98  lcd12864.o(i.LCD_WriteCommand)
    LCD_WriteData                            0x080027bd   Thumb Code    92  lcd12864.o(i.LCD_WriteData)
    MOTOR_Set                                0x0800281d   Thumb Code  2386  motor.o(i.MOTOR_Set)
    MemManage_Handler                        0x080031a9   Thumb Code     4  stm32f10x_it.o(i.MemManage_Handler)
    Motor_Run                                0x080031ad   Thumb Code   300  motor.o(i.Motor_Run)
    NMI_Handler                              0x080032fd   Thumb Code     2  stm32f10x_it.o(i.NMI_Handler)
    NVIC_Configuration                       0x080032ff   Thumb Code    66  adc.o(i.NVIC_Configuration)
    NVIC_Init                                0x08003341   Thumb Code   100  misc.o(i.NVIC_Init)
    NVIC_PriorityGroupConfig                 0x080033b1   Thumb Code    10  misc.o(i.NVIC_PriorityGroupConfig)
    PendSV_Handler                           0x080033c5   Thumb Code     2  stm32f10x_it.o(i.PendSV_Handler)
    RCC_ADCCLKConfig                         0x080033c9   Thumb Code    18  stm32f10x_rcc.o(i.RCC_ADCCLKConfig)
    RCC_AHBPeriphClockCmd                    0x080033e1   Thumb Code    26  stm32f10x_rcc.o(i.RCC_AHBPeriphClockCmd)
    RCC_APB1PeriphClockCmd                   0x08003401   Thumb Code    26  stm32f10x_rcc.o(i.RCC_APB1PeriphClockCmd)
    RCC_APB2PeriphClockCmd                   0x08003421   Thumb Code    26  stm32f10x_rcc.o(i.RCC_APB2PeriphClockCmd)
    RCC_GetClocksFreq                        0x08003441   Thumb Code   192  stm32f10x_rcc.o(i.RCC_GetClocksFreq)
    SVC_Handler                              0x08003515   Thumb Code     2  stm32f10x_it.o(i.SVC_Handler)
    Set0_Home                                0x08003519   Thumb Code   266  operate.o(i.Set0_Home)
    Set1_Area                                0x08003649   Thumb Code   748  operate.o(i.Set1_Area)
    Set2_Hand                                0x08003961   Thumb Code  1226  operate.o(i.Set2_Hand)
    Set3_Auto                                0x08003e49   Thumb Code  1276  operate.o(i.Set3_Auto)
    Set4_Adjust                              0x08004361   Thumb Code  1118  adjust.o(i.Set4_Adjust)
    SysTick_Handler                          0x080048a9   Thumb Code     8  stm32f10x_it.o(i.SysTick_Handler)
    SystemInit                               0x080048b1   Thumb Code    78  system_stm32f10x.o(i.SystemInit)
    TIM1_PWM_Init                            0x08004b51   Thumb Code   368  pwm.o(i.TIM1_PWM_Init)
    TIM2_12864_Init                          0x08004ccd   Thumb Code    98  pwm.o(i.TIM2_12864_Init)
    TIM2_IRQHandler                          0x08004d31   Thumb Code    42  pwm.o(i.TIM2_IRQHandler)
    TIM3_Cap_Init                            0x08004d61   Thumb Code   204  pwm.o(i.TIM3_Cap_Init)
    TIM3_IRQHandler                          0x08004e35   Thumb Code   404  pwm.o(i.TIM3_IRQHandler)
    TIM4_PWM_Init                            0x0800500d   Thumb Code   284  pwm.o(i.TIM4_PWM_Init)
    TIM5_Configuration                       0x08005139   Thumb Code    60  adc.o(i.TIM5_Configuration)
    TIM5_IRQHandler                          0x08005179   Thumb Code    38  adc.o(i.TIM5_IRQHandler)
    TIM_ARRPreloadConfig                     0x080051a9   Thumb Code    24  stm32f10x_tim.o(i.TIM_ARRPreloadConfig)
    TIM_BDTRConfig                           0x080051c1   Thumb Code    32  stm32f10x_tim.o(i.TIM_BDTRConfig)
    TIM_CCxCmd                               0x080051e1   Thumb Code    30  stm32f10x_tim.o(i.TIM_CCxCmd)
    TIM_CCxNCmd                              0x080051ff   Thumb Code    30  stm32f10x_tim.o(i.TIM_CCxNCmd)
    TIM_ClearITPendingBit                    0x0800521d   Thumb Code     6  stm32f10x_tim.o(i.TIM_ClearITPendingBit)
    TIM_Cmd                                  0x08005223   Thumb Code    24  stm32f10x_tim.o(i.TIM_Cmd)
    TIM_CtrlPWMOutputs                       0x0800523b   Thumb Code    30  stm32f10x_tim.o(i.TIM_CtrlPWMOutputs)
    TIM_GetITStatus                          0x08005259   Thumb Code    34  stm32f10x_tim.o(i.TIM_GetITStatus)
    TIM_ICInit                               0x0800527d   Thumb Code   150  stm32f10x_tim.o(i.TIM_ICInit)
    TIM_ITConfig                             0x08005329   Thumb Code    18  stm32f10x_tim.o(i.TIM_ITConfig)
    TIM_OC1Init                              0x0800533d   Thumb Code   132  stm32f10x_tim.o(i.TIM_OC1Init)
    TIM_OC1PreloadConfig                     0x080053d5   Thumb Code    18  stm32f10x_tim.o(i.TIM_OC1PreloadConfig)
    TIM_OC2Init                              0x080053e9   Thumb Code   154  stm32f10x_tim.o(i.TIM_OC2Init)
    TIM_OC2PreloadConfig                     0x0800548d   Thumb Code    26  stm32f10x_tim.o(i.TIM_OC2PreloadConfig)
    TIM_OC3Init                              0x080054a9   Thumb Code   150  stm32f10x_tim.o(i.TIM_OC3Init)
    TIM_OC3PreloadConfig                     0x08005549   Thumb Code    18  stm32f10x_tim.o(i.TIM_OC3PreloadConfig)
    TIM_OC4Init                              0x0800555d   Thumb Code   114  stm32f10x_tim.o(i.TIM_OC4Init)
    TIM_OC4PreloadConfig                     0x080055d9   Thumb Code    26  stm32f10x_tim.o(i.TIM_OC4PreloadConfig)
    TIM_SetAutoreload                        0x080055f3   Thumb Code     4  stm32f10x_tim.o(i.TIM_SetAutoreload)
    TIM_SetCompare1                          0x080055f7   Thumb Code     4  stm32f10x_tim.o(i.TIM_SetCompare1)
    TIM_SetCompare2                          0x080055fb   Thumb Code     4  stm32f10x_tim.o(i.TIM_SetCompare2)
    TIM_SetCompare3                          0x080055ff   Thumb Code     4  stm32f10x_tim.o(i.TIM_SetCompare3)
    TIM_SetCompare4                          0x08005603   Thumb Code     6  stm32f10x_tim.o(i.TIM_SetCompare4)
    TIM_SetIC1Prescaler                      0x08005609   Thumb Code    18  stm32f10x_tim.o(i.TIM_SetIC1Prescaler)
    TIM_SetIC2Prescaler                      0x0800561b   Thumb Code    26  stm32f10x_tim.o(i.TIM_SetIC2Prescaler)
    TIM_SetIC3Prescaler                      0x08005635   Thumb Code    18  stm32f10x_tim.o(i.TIM_SetIC3Prescaler)
    TIM_SetIC4Prescaler                      0x08005647   Thumb Code    26  stm32f10x_tim.o(i.TIM_SetIC4Prescaler)
    TIM_TimeBaseInit                         0x08005661   Thumb Code   122  stm32f10x_tim.o(i.TIM_TimeBaseInit)
    TimingDelay_Decrement                    0x08005705   Thumb Code    18  bsp.o(i.TimingDelay_Decrement)
    UART4_IRQHandler                         0x0800571d   Thumb Code   746  bsp.o(i.UART4_IRQHandler)
    UART5_IRQHandler                         0x08005a75   Thumb Code    38  stm32f10x_it.o(i.UART5_IRQHandler)
    USART_Cmd                                0x08005aa1   Thumb Code    24  stm32f10x_usart.o(i.USART_Cmd)
    USART_GetFlagStatus                      0x08005ab9   Thumb Code    26  stm32f10x_usart.o(i.USART_GetFlagStatus)
    USART_GetITStatus                        0x08005ad3   Thumb Code    84  stm32f10x_usart.o(i.USART_GetITStatus)
    USART_ITConfig                           0x08005b27   Thumb Code    74  stm32f10x_usart.o(i.USART_ITConfig)
    USART_Init                               0x08005b71   Thumb Code   210  stm32f10x_usart.o(i.USART_Init)
    USART_ReceiveData                        0x08005c49   Thumb Code    10  stm32f10x_usart.o(i.USART_ReceiveData)
    USART_SendData                           0x08005c53   Thumb Code     8  stm32f10x_usart.o(i.USART_SendData)
    UsageFault_Handler                       0x08005c5b   Thumb Code     4  stm32f10x_it.o(i.UsageFault_Handler)
    clear_gdram                              0x08005c5f   Thumb Code    72  lcd12864.o(i.clear_gdram)
    key_scan                                 0x08005ca9   Thumb Code   132  bsp.o(i.key_scan)
    lcd_draw_dot                             0x08005d49   Thumb Code   250  lcd12864.o(i.lcd_draw_dot)
    lcd_read_data                            0x08005e45   Thumb Code    84  lcd12864.o(i.lcd_read_data)
    main                                     0x08005e9d   Thumb Code   258  main.o(i.main)
    __aeabi_ddiv                             0x08005fbd   Thumb Code     0  ddiv.o(x$fpl$ddiv)
    _ddiv                                    0x08005fbd   Thumb Code   552  ddiv.o(x$fpl$ddiv)
    __aeabi_d2uiz                            0x0800626d   Thumb Code     0  dfixu.o(x$fpl$dfixu)
    _dfixu                                   0x0800626d   Thumb Code    90  dfixu.o(x$fpl$dfixu)
    __aeabi_ui2d                             0x080062c7   Thumb Code     0  dflt_clz.o(x$fpl$dfltu)
    _dfltu                                   0x080062c7   Thumb Code    38  dflt_clz.o(x$fpl$dfltu)
    __aeabi_dmul                             0x080062ed   Thumb Code     0  dmul.o(x$fpl$dmul)
    _dmul                                    0x080062ed   Thumb Code   332  dmul.o(x$fpl$dmul)
    __fpl_dnaninf                            0x08006441   Thumb Code   156  dnaninf.o(x$fpl$dnaninf)
    __fpl_dretinf                            0x080064dd   Thumb Code    12  dretinf.o(x$fpl$dretinf)
    Region$$Table$$Base                      0x080064e8   Number         0  anon$$obj.o(Region$$Table)
    __I$use$fp                               0x080064e8   Number         0  usenofp.o(x$fpl$usenofp)
    Region$$Table$$Limit                     0x08006508   Number         0  anon$$obj.o(Region$$Table)
    ADCConvertedValue                        0x20000000   Data           6  adc.o(.data)
    AD_Data1                                 0x20000008   Data           4  adc.o(.data)
    AD_Data2                                 0x2000000c   Data           4  adc.o(.data)
    AD_Data3                                 0x20000010   Data           4  adc.o(.data)
    AD_Value1                                0x20000014   Data           4  adc.o(.data)
    AD_Value2                                0x20000018   Data           4  adc.o(.data)
    AD_Value3                                0x2000001c   Data           4  adc.o(.data)
    key_Map                                  0x20000024   Data          16  keypad.o(.data)
    LCD_Line                                 0x20000034   Data          16  lcd12864.o(.data)
    LCD_Start                                0x20000044   Data          64  lcd12864.o(.data)
    LCD_Main                                 0x20000084   Data          64  lcd12864.o(.data)
    LCD_Set                                  0x200000c4   Data          64  lcd12864.o(.data)
    LCD_State                                0x20000104   Data          64  lcd12864.o(.data)
    LCD_Adjust                               0x20000144   Data          64  lcd12864.o(.data)
    press_flag1                              0x20000184   Data           1  motor.o(.data)
    press_flag2                              0x20000185   Data           1  motor.o(.data)
    press_flag3                              0x20000186   Data           1  motor.o(.data)
    press_flag4                              0x20000187   Data           1  motor.o(.data)
    key_Pressed                              0x20000188   Data           1  motor.o(.data)
    key_flag                                 0x20000189   Data           1  motor.o(.data)
    key_val                                  0x2000018a   Data           1  motor.o(.data)
    LCD_flag                                 0x2000018b   Data           1  motor.o(.data)
    LCD_Ying                                 0x2000018c   Data           1  motor.o(.data)
    Set_flag                                 0x2000018d   Data           1  motor.o(.data)
    Start_X                                  0x20000190   Data           4  motor.o(.data)
    Start_Y                                  0x20000194   Data           4  motor.o(.data)
    Stop_X                                   0x20000198   Data           4  motor.o(.data)
    Stop_Y                                   0x2000019c   Data           4  motor.o(.data)
    Run_X                                    0x200001a0   Data           4  motor.o(.data)
    Run_Y                                    0x200001a4   Data           4  motor.o(.data)
    Run_Num                                  0x200001a8   Data           4  motor.o(.data)
    Run_V                                    0x200001ac   Data           4  motor.o(.data)
    Set_Wei                                  0x200001b0   Data           1  motor.o(.data)
    Auto_end                                 0x200001b4   Data           4  motor.o(.data)
    Grid_init                                0x200001b8   Data           4  motor.o(.data)
    Grid0_Num                                0x200001bc   Data           4  motor.o(.data)
    AN1_flag                                 0x200001c0   Data           1  motor.o(.data)
    AD_ResultX                               0x200001c4   Data           4  motor.o(.data)
    AD_ResultY                               0x200001c8   Data           4  motor.o(.data)
    AD_ResultV                               0x200001cc   Data           4  motor.o(.data)
    AD_RunV_over                             0x200001d0   Data           4  motor.o(.data)
    AuRun_Flag                               0x200001d4   Data           4  motor.o(.data)
    Auto_UART                                0x200001d8   Data           4  motor.o(.data)
    AuIma_ALL                                0x200001dc   Data           4  motor.o(.data)
    Apple_Pick                               0x200001e0   Data           4  motor.o(.data)
    Pick_time1                               0x200001e4   Data           4  motor.o(.data)
    Pick_time2                               0x200001e8   Data           4  motor.o(.data)
    Pick_line                                0x200001ec   Data           4  motor.o(.data)
    Pick_Htim                                0x200001f0   Data           4  motor.o(.data)
    PreDa_X                                  0x200001f4   Data           4  motor.o(.data)
    PreDa_Y                                  0x200001f8   Data           4  motor.o(.data)
    FollowDa_X                               0x200001fc   Data           4  motor.o(.data)
    FollowDa_Y                               0x20000200   Data           4  motor.o(.data)
    MOT_Spwm_MAX                             0x20000204   Data           4  motor.o(.data)
    MOT_Spwm_MIN                             0x20000208   Data           4  motor.o(.data)
    Pick_time_M                              0x2000020c   Data           4  motor.o(.data)
    shift_X                                  0x20000210   Data           4  motor.o(.data)
    shift_Y                                  0x20000214   Data           4  motor.o(.data)
    MOT_DirX                                 0x20000218   Data           4  motor.o(.data)
    MOT_DirY                                 0x2000021c   Data           4  motor.o(.data)
    MOT_DirZ                                 0x20000220   Data           4  motor.o(.data)
    MOT_FlagX                                0x20000224   Data           4  motor.o(.data)
    MOT_FlagY                                0x20000228   Data           4  motor.o(.data)
    Pre_MOT_X                                0x2000022c   Data           4  motor.o(.data)
    Pre_MOT_Y                                0x20000230   Data           4  motor.o(.data)
    OUTA_pwm                                 0x20000234   Data           4  motor.o(.data)
    OUTB_pwm                                 0x20000238   Data           4  motor.o(.data)
    OUTC_pwm                                 0x2000023c   Data           4  motor.o(.data)
    OUTD_pwm                                 0x20000240   Data           4  motor.o(.data)
    MOT_Zpwm                                 0x20000244   Data           4  motor.o(.data)
    MOT_Spwm                                 0x20000248   Data           4  motor.o(.data)
    OUTX_Num                                 0x2000024c   Data           4  pwm.o(.data)
    OUTY_Num                                 0x20000250   Data           4  pwm.o(.data)
    OUTX_Flag                                0x20000254   Data           4  pwm.o(.data)
    OUTY_Flag                                0x20000258   Data           4  pwm.o(.data)
    TimingDelay                              0x2000025c   Data           4  bsp.o(.data)
    RxCnt                                    0x20000260   Data           4  bsp.o(.data)
    RxDa_X                                   0x20000264   Data           4  bsp.o(.data)
    RxDa_Y                                   0x20000268   Data           4  bsp.o(.data)
    ADC_InitStructure                        0x20000284   Data          20  adc.o(.bss)
    DMA_InitStructure                        0x20000298   Data          44  adc.o(.bss)
    Set_Data                                 0x200002c4   Data          48  motor.o(.bss)
    Pick_DaX                                 0x200002f4   Data          80  motor.o(.bss)
    Pick_DaY                                 0x20000344   Data          80  motor.o(.bss)
    RxDa                                     0x20000394   Data          24  bsp.o(.bss)
    __libspace_start                         0x200003ac   Data          96  libspace.o(.bss)
    __temporary_stack_top$libspace           0x2000040c   Data           0  libspace.o(.bss)



==============================================================================

Memory Map of the image

  Image Entry point : 0x08000131

  Load Region LR_IROM1 (Base: 0x08000000, Size: 0x0000678c, Max: 0x00080000, ABSOLUTE, COMPRESSED[0x000065f4])

    Execution Region ER_IROM1 (Exec base: 0x08000000, Load base: 0x08000000, Size: 0x00006508, Max: 0x00080000, ABSOLUTE)

    Exec Addr    Load Addr    Size         Type   Attr      Idx    E Section Name        Object

    0x08000000   0x08000000   0x00000130   Data   RO            3    RESET               startup_stm32f10x_hd.o
    0x08000130   0x08000130   0x00000008   Code   RO         3629  * !!!main             c_w.l(__main.o)
    0x08000138   0x08000138   0x00000034   Code   RO         3809    !!!scatter          c_w.l(__scatter.o)
    0x0800016c   0x0800016c   0x0000005a   Code   RO         3807    !!dczerorl2         c_w.l(__dczerorl2.o)
    0x080001c6   0x080001c6   0x00000002   PAD
    0x080001c8   0x080001c8   0x0000001c   Code   RO         3811    !!handler_zi        c_w.l(__scatter_zi.o)
    0x080001e4   0x080001e4   0x00000002   Code   RO         3677    .ARM.Collect$$libinit$$00000000  c_w.l(libinit.o)
    0x080001e6   0x080001e6   0x00000000   Code   RO         3684    .ARM.Collect$$libinit$$00000002  c_w.l(libinit2.o)
    0x080001e6   0x080001e6   0x00000000   Code   RO         3686    .ARM.Collect$$libinit$$00000004  c_w.l(libinit2.o)
    0x080001e6   0x080001e6   0x00000000   Code   RO         3689    .ARM.Collect$$libinit$$0000000A  c_w.l(libinit2.o)
    0x080001e6   0x080001e6   0x00000000   Code   RO         3691    .ARM.Collect$$libinit$$0000000C  c_w.l(libinit2.o)
    0x080001e6   0x080001e6   0x00000000   Code   RO         3693    .ARM.Collect$$libinit$$0000000E  c_w.l(libinit2.o)
    0x080001e6   0x080001e6   0x00000000   Code   RO         3696    .ARM.Collect$$libinit$$00000011  c_w.l(libinit2.o)
    0x080001e6   0x080001e6   0x00000000   Code   RO         3698    .ARM.Collect$$libinit$$00000013  c_w.l(libinit2.o)
    0x080001e6   0x080001e6   0x00000000   Code   RO         3700    .ARM.Collect$$libinit$$00000015  c_w.l(libinit2.o)
    0x080001e6   0x080001e6   0x00000000   Code   RO         3702    .ARM.Collect$$libinit$$00000017  c_w.l(libinit2.o)
    0x080001e6   0x080001e6   0x00000000   Code   RO         3704    .ARM.Collect$$libinit$$00000019  c_w.l(libinit2.o)
    0x080001e6   0x080001e6   0x00000000   Code   RO         3706    .ARM.Collect$$libinit$$0000001B  c_w.l(libinit2.o)
    0x080001e6   0x080001e6   0x00000000   Code   RO         3708    .ARM.Collect$$libinit$$0000001D  c_w.l(libinit2.o)
    0x080001e6   0x080001e6   0x00000000   Code   RO         3710    .ARM.Collect$$libinit$$0000001F  c_w.l(libinit2.o)
    0x080001e6   0x080001e6   0x00000000   Code   RO         3712    .ARM.Collect$$libinit$$00000021  c_w.l(libinit2.o)
    0x080001e6   0x080001e6   0x00000000   Code   RO         3714    .ARM.Collect$$libinit$$00000023  c_w.l(libinit2.o)
    0x080001e6   0x080001e6   0x00000000   Code   RO         3716    .ARM.Collect$$libinit$$00000025  c_w.l(libinit2.o)
    0x080001e6   0x080001e6   0x00000000   Code   RO         3720    .ARM.Collect$$libinit$$0000002C  c_w.l(libinit2.o)
    0x080001e6   0x080001e6   0x00000000   Code   RO         3722    .ARM.Collect$$libinit$$0000002E  c_w.l(libinit2.o)
    0x080001e6   0x080001e6   0x00000000   Code   RO         3724    .ARM.Collect$$libinit$$00000030  c_w.l(libinit2.o)
    0x080001e6   0x080001e6   0x00000000   Code   RO         3726    .ARM.Collect$$libinit$$00000032  c_w.l(libinit2.o)
    0x080001e6   0x080001e6   0x00000002   Code   RO         3727    .ARM.Collect$$libinit$$00000033  c_w.l(libinit2.o)
    0x080001e8   0x080001e8   0x00000002   Code   RO         3747    .ARM.Collect$$libshutdown$$00000000  c_w.l(libshutdown.o)
    0x080001ea   0x080001ea   0x00000000   Code   RO         3760    .ARM.Collect$$libshutdown$$00000002  c_w.l(libshutdown2.o)
    0x080001ea   0x080001ea   0x00000000   Code   RO         3762    .ARM.Collect$$libshutdown$$00000004  c_w.l(libshutdown2.o)
    0x080001ea   0x080001ea   0x00000000   Code   RO         3765    .ARM.Collect$$libshutdown$$00000007  c_w.l(libshutdown2.o)
    0x080001ea   0x080001ea   0x00000000   Code   RO         3768    .ARM.Collect$$libshutdown$$0000000A  c_w.l(libshutdown2.o)
    0x080001ea   0x080001ea   0x00000000   Code   RO         3770    .ARM.Collect$$libshutdown$$0000000C  c_w.l(libshutdown2.o)
    0x080001ea   0x080001ea   0x00000000   Code   RO         3773    .ARM.Collect$$libshutdown$$0000000F  c_w.l(libshutdown2.o)
    0x080001ea   0x080001ea   0x00000002   Code   RO         3774    .ARM.Collect$$libshutdown$$00000010  c_w.l(libshutdown2.o)
    0x080001ec   0x080001ec   0x00000000   Code   RO         3647    .ARM.Collect$$rtentry$$00000000  c_w.l(__rtentry.o)
    0x080001ec   0x080001ec   0x00000000   Code   RO         3654    .ARM.Collect$$rtentry$$00000002  c_w.l(__rtentry2.o)
    0x080001ec   0x080001ec   0x00000006   Code   RO         3666    .ARM.Collect$$rtentry$$00000004  c_w.l(__rtentry4.o)
    0x080001f2   0x080001f2   0x00000000   Code   RO         3656    .ARM.Collect$$rtentry$$00000009  c_w.l(__rtentry2.o)
    0x080001f2   0x080001f2   0x00000004   Code   RO         3657    .ARM.Collect$$rtentry$$0000000A  c_w.l(__rtentry2.o)
    0x080001f6   0x080001f6   0x00000000   Code   RO         3659    .ARM.Collect$$rtentry$$0000000C  c_w.l(__rtentry2.o)
    0x080001f6   0x080001f6   0x00000008   Code   RO         3660    .ARM.Collect$$rtentry$$0000000D  c_w.l(__rtentry2.o)
    0x080001fe   0x080001fe   0x00000002   Code   RO         3681    .ARM.Collect$$rtexit$$00000000  c_w.l(rtexit.o)
    0x08000200   0x08000200   0x00000000   Code   RO         3729    .ARM.Collect$$rtexit$$00000002  c_w.l(rtexit2.o)
    0x08000200   0x08000200   0x00000004   Code   RO         3730    .ARM.Collect$$rtexit$$00000003  c_w.l(rtexit2.o)
    0x08000204   0x08000204   0x00000006   Code   RO         3731    .ARM.Collect$$rtexit$$00000004  c_w.l(rtexit2.o)
    0x0800020a   0x0800020a   0x00000002   PAD
    0x0800020c   0x0800020c   0x00000040   Code   RO            4    .text               startup_stm32f10x_hd.o
    0x0800024c   0x0800024c   0x00000006   Code   RO         3627    .text               c_w.l(heapauxi.o)
    0x08000252   0x08000252   0x0000004a   Code   RO         3668    .text               c_w.l(sys_stackheap_outer.o)
    0x0800029c   0x0800029c   0x00000012   Code   RO         3670    .text               c_w.l(exit.o)
    0x080002ae   0x080002ae   0x00000002   PAD
    0x080002b0   0x080002b0   0x00000008   Code   RO         3678    .text               c_w.l(libspace.o)
    0x080002b8   0x080002b8   0x0000000c   Code   RO         3739    .text               c_w.l(sys_exit.o)
    0x080002c4   0x080002c4   0x00000002   Code   RO         3750    .text               c_w.l(use_no_semi.o)
    0x080002c6   0x080002c6   0x00000000   Code   RO         3752    .text               c_w.l(indicate_semi.o)
    0x080002c6   0x080002c6   0x00000016   Code   RO          700    i.ADC_Cmd           stm32f10x_adc.o
    0x080002dc   0x080002dc   0x00000130   Code   RO           10    i.ADC_Configuration  adc.o
    0x0800040c   0x0800040c   0x00000016   Code   RO          701    i.ADC_DMACmd        stm32f10x_adc.o
    0x08000422   0x08000422   0x00000014   Code   RO          708    i.ADC_GetCalibrationStatus  stm32f10x_adc.o
    0x08000436   0x08000436   0x00000014   Code   RO          714    i.ADC_GetResetCalibrationStatus  stm32f10x_adc.o
    0x0800044a   0x0800044a   0x00000002   PAD
    0x0800044c   0x0800044c   0x00000050   Code   RO          718    i.ADC_Init          stm32f10x_adc.o
    0x0800049c   0x0800049c   0x000000b8   Code   RO          722    i.ADC_RegularChannelConfig  stm32f10x_adc.o
    0x08000554   0x08000554   0x0000000a   Code   RO          723    i.ADC_ResetCalibration  stm32f10x_adc.o
    0x0800055e   0x0800055e   0x00000016   Code   RO          725    i.ADC_SoftwareStartConvCmd  stm32f10x_adc.o
    0x08000574   0x08000574   0x0000000a   Code   RO          727    i.ADC_StartCalibration  stm32f10x_adc.o
    0x0800057e   0x0800057e   0x00000002   PAD
    0x08000580   0x08000580   0x00000024   Code   RO          538    i.Alarm_Ctrl        bsp.o
    0x080005a4   0x080005a4   0x00000058   Code   RO          383    i.Area_Init         operate.o
    0x080005fc   0x080005fc   0x00000010   Code   RO          539    i.BSP_Configuration  bsp.o
    0x0800060c   0x0800060c   0x00000028   Code   RO          540    i.BSP_EXTI_Configuration  bsp.o
    0x08000634   0x08000634   0x000000c0   Code   RO          541    i.BSP_GPIO_Configuration  bsp.o
    0x080006f4   0x080006f4   0x00000028   Code   RO          542    i.BSP_RCC_Configuration  bsp.o
    0x0800071c   0x0800071c   0x0000004c   Code   RO          543    i.BSP_USART_Configuration  bsp.o
    0x08000768   0x08000768   0x00000004   Code   RO          468    i.BusFault_Handler  stm32f10x_it.o
    0x0800076c   0x0800076c   0x00000080   Code   RO          198    i.Check_Key         keypad.o
    0x080007ec   0x080007ec   0x000001a0   Code   RO           11    i.DMA1_Channel1_IRQHandler  adc.o
    0x0800098c   0x0800098c   0x0000001c   Code   RO         1384    i.DMA_ClearITPendingBit  stm32f10x_dma.o
    0x080009a8   0x080009a8   0x00000018   Code   RO         1385    i.DMA_Cmd           stm32f10x_dma.o
    0x080009c0   0x080009c0   0x0000014c   Code   RO         1386    i.DMA_DeInit        stm32f10x_dma.o
    0x08000b0c   0x08000b0c   0x0000002c   Code   RO         1389    i.DMA_GetITStatus   stm32f10x_dma.o
    0x08000b38   0x08000b38   0x00000012   Code   RO         1390    i.DMA_ITConfig      stm32f10x_dma.o
    0x08000b4a   0x08000b4a   0x0000003c   Code   RO         1391    i.DMA_Init          stm32f10x_dma.o
    0x08000b86   0x08000b86   0x00000002   Code   RO          469    i.DebugMon_Handler  stm32f10x_it.o
    0x08000b88   0x08000b88   0x00000018   Code   RO          545    i.Delay             bsp.o
    0x08000ba0   0x08000ba0   0x0000000c   Code   RO         1509    i.FLASH_ClearFlag   stm32f10x_flash.o
    0x08000bac   0x08000bac   0x0000004c   Code   RO         1514    i.FLASH_ErasePage   stm32f10x_flash.o
    0x08000bf8   0x08000bf8   0x00000034   Code   RO         1515    i.FLASH_GetBank1Status  stm32f10x_flash.o
    0x08000c2c   0x08000c2c   0x00000014   Code   RO         1524    i.FLASH_Lock        stm32f10x_flash.o
    0x08000c40   0x08000c40   0x00000040   Code   RO         1527    i.FLASH_ProgramHalfWord  stm32f10x_flash.o
    0x08000c80   0x08000c80   0x00000018   Code   RO         1532    i.FLASH_Unlock      stm32f10x_flash.o
    0x08000c98   0x08000c98   0x00000026   Code   RO         1536    i.FLASH_WaitForLastOperation  stm32f10x_flash.o
    0x08000cbe   0x08000cbe   0x00000002   PAD
    0x08000cc0   0x08000cc0   0x00000080   Code   RO          161    i.Flash_Init        adjust.o
    0x08000d40   0x08000d40   0x0000009c   Code   RO          162    i.Flash_eepromIn    adjust.o
    0x08000ddc   0x08000ddc   0x00000024   Code   RO          227    i.GPIO_12864_initin  lcd12864.o
    0x08000e00   0x08000e00   0x00000044   Code   RO          228    i.GPIO_12864_initout  lcd12864.o
    0x08000e44   0x08000e44   0x00000024   Code   RO           12    i.GPIO_Configuration  adc.o
    0x08000e68   0x08000e68   0x00000116   Code   RO         1809    i.GPIO_Init         stm32f10x_gpio.o
    0x08000f7e   0x08000f7e   0x00000002   PAD
    0x08000f80   0x08000f80   0x00000090   Code   RO         1811    i.GPIO_PinRemapConfig  stm32f10x_gpio.o
    0x08001010   0x08001010   0x00000008   Code   RO         1812    i.GPIO_ReadInputData  stm32f10x_gpio.o
    0x08001018   0x08001018   0x00000012   Code   RO         1813    i.GPIO_ReadInputDataBit  stm32f10x_gpio.o
    0x0800102a   0x0800102a   0x00000004   Code   RO         1816    i.GPIO_ResetBits    stm32f10x_gpio.o
    0x0800102e   0x0800102e   0x00000004   Code   RO         1817    i.GPIO_SetBits      stm32f10x_gpio.o
    0x08001032   0x08001032   0x00000004   Code   RO          470    i.HardFault_Handler  stm32f10x_it.o
    0x08001036   0x08001036   0x00000002   PAD
    0x08001038   0x08001038   0x00000070   Code   RO          199    i.Key_Event         keypad.o
    0x080010a8   0x080010a8   0x0000004c   Code   RO          229    i.LCD_Busy          lcd12864.o
    0x080010f4   0x080010f4   0x00000028   Code   RO          231    i.LCD_Clear_Screen  lcd12864.o
    0x0800111c   0x0800111c   0x000015b0   Code   RO          232    i.LCD_Display_Fresh  lcd12864.o
    0x080026cc   0x080026cc   0x00000058   Code   RO          234    i.LCD_Init          lcd12864.o
    0x08002724   0x08002724   0x00000030   Code   RO          235    i.LCD_Position      lcd12864.o
    0x08002754   0x08002754   0x00000068   Code   RO          236    i.LCD_WriteCommand  lcd12864.o
    0x080027bc   0x080027bc   0x00000060   Code   RO          237    i.LCD_WriteData     lcd12864.o
    0x0800281c   0x0800281c   0x0000098c   Code   RO          357    i.MOTOR_Set         motor.o
    0x080031a8   0x080031a8   0x00000004   Code   RO          471    i.MemManage_Handler  stm32f10x_it.o
    0x080031ac   0x080031ac   0x00000150   Code   RO          358    i.Motor_Run         motor.o
    0x080032fc   0x080032fc   0x00000002   Code   RO          472    i.NMI_Handler       stm32f10x_it.o
    0x080032fe   0x080032fe   0x00000042   Code   RO           13    i.NVIC_Configuration  adc.o
    0x08003340   0x08003340   0x00000070   Code   RO          658    i.NVIC_Init         misc.o
    0x080033b0   0x080033b0   0x00000014   Code   RO          659    i.NVIC_PriorityGroupConfig  misc.o
    0x080033c4   0x080033c4   0x00000002   Code   RO          473    i.PendSV_Handler    stm32f10x_it.o
    0x080033c6   0x080033c6   0x00000002   PAD
    0x080033c8   0x080033c8   0x00000018   Code   RO         2223    i.RCC_ADCCLKConfig  stm32f10x_rcc.o
    0x080033e0   0x080033e0   0x00000020   Code   RO         2224    i.RCC_AHBPeriphClockCmd  stm32f10x_rcc.o
    0x08003400   0x08003400   0x00000020   Code   RO         2225    i.RCC_APB1PeriphClockCmd  stm32f10x_rcc.o
    0x08003420   0x08003420   0x00000020   Code   RO         2227    i.RCC_APB2PeriphClockCmd  stm32f10x_rcc.o
    0x08003440   0x08003440   0x000000d4   Code   RO         2235    i.RCC_GetClocksFreq  stm32f10x_rcc.o
    0x08003514   0x08003514   0x00000002   Code   RO          474    i.SVC_Handler       stm32f10x_it.o
    0x08003516   0x08003516   0x00000002   PAD
    0x08003518   0x08003518   0x00000130   Code   RO          384    i.Set0_Home         operate.o
    0x08003648   0x08003648   0x00000318   Code   RO          385    i.Set1_Area         operate.o
    0x08003960   0x08003960   0x000004e8   Code   RO          386    i.Set2_Hand         operate.o
    0x08003e48   0x08003e48   0x00000518   Code   RO          387    i.Set3_Auto         operate.o
    0x08004360   0x08004360   0x0000045e   Code   RO          163    i.Set4_Adjust       adjust.o
    0x080047be   0x080047be   0x00000008   Code   RO          624    i.SetSysClock       system_stm32f10x.o
    0x080047c6   0x080047c6   0x00000002   PAD
    0x080047c8   0x080047c8   0x000000e0   Code   RO          625    i.SetSysClockTo72   system_stm32f10x.o
    0x080048a8   0x080048a8   0x00000008   Code   RO          475    i.SysTick_Handler   stm32f10x_it.o
    0x080048b0   0x080048b0   0x00000060   Code   RO          627    i.SystemInit        system_stm32f10x.o
    0x08004910   0x08004910   0x00000080   Code   RO         2843    i.TI1_Config        stm32f10x_tim.o
    0x08004990   0x08004990   0x00000098   Code   RO         2844    i.TI2_Config        stm32f10x_tim.o
    0x08004a28   0x08004a28   0x00000090   Code   RO         2845    i.TI3_Config        stm32f10x_tim.o
    0x08004ab8   0x08004ab8   0x00000098   Code   RO         2846    i.TI4_Config        stm32f10x_tim.o
    0x08004b50   0x08004b50   0x0000017c   Code   RO          419    i.TIM1_PWM_Init     pwm.o
    0x08004ccc   0x08004ccc   0x00000062   Code   RO          420    i.TIM2_12864_Init   pwm.o
    0x08004d2e   0x08004d2e   0x00000002   PAD
    0x08004d30   0x08004d30   0x00000030   Code   RO          421    i.TIM2_IRQHandler   pwm.o
    0x08004d60   0x08004d60   0x000000d4   Code   RO          422    i.TIM3_Cap_Init     pwm.o
    0x08004e34   0x08004e34   0x000001d8   Code   RO          423    i.TIM3_IRQHandler   pwm.o
    0x0800500c   0x0800500c   0x0000012c   Code   RO          424    i.TIM4_PWM_Init     pwm.o
    0x08005138   0x08005138   0x00000040   Code   RO           14    i.TIM5_Configuration  adc.o
    0x08005178   0x08005178   0x00000030   Code   RO           15    i.TIM5_IRQHandler   adc.o
    0x080051a8   0x080051a8   0x00000018   Code   RO         2847    i.TIM_ARRPreloadConfig  stm32f10x_tim.o
    0x080051c0   0x080051c0   0x00000020   Code   RO         2848    i.TIM_BDTRConfig    stm32f10x_tim.o
    0x080051e0   0x080051e0   0x0000001e   Code   RO         2851    i.TIM_CCxCmd        stm32f10x_tim.o
    0x080051fe   0x080051fe   0x0000001e   Code   RO         2852    i.TIM_CCxNCmd       stm32f10x_tim.o
    0x0800521c   0x0800521c   0x00000006   Code   RO         2854    i.TIM_ClearITPendingBit  stm32f10x_tim.o
    0x08005222   0x08005222   0x00000018   Code   RO         2859    i.TIM_Cmd           stm32f10x_tim.o
    0x0800523a   0x0800523a   0x0000001e   Code   RO         2861    i.TIM_CtrlPWMOutputs  stm32f10x_tim.o
    0x08005258   0x08005258   0x00000022   Code   RO         2880    i.TIM_GetITStatus   stm32f10x_tim.o
    0x0800527a   0x0800527a   0x00000002   PAD
    0x0800527c   0x0800527c   0x000000ac   Code   RO         2882    i.TIM_ICInit        stm32f10x_tim.o
    0x08005328   0x08005328   0x00000012   Code   RO         2884    i.TIM_ITConfig      stm32f10x_tim.o
    0x0800533a   0x0800533a   0x00000002   PAD
    0x0800533c   0x0800533c   0x00000098   Code   RO         2888    i.TIM_OC1Init       stm32f10x_tim.o
    0x080053d4   0x080053d4   0x00000012   Code   RO         2891    i.TIM_OC1PreloadConfig  stm32f10x_tim.o
    0x080053e6   0x080053e6   0x00000002   PAD
    0x080053e8   0x080053e8   0x000000a4   Code   RO         2893    i.TIM_OC2Init       stm32f10x_tim.o
    0x0800548c   0x0800548c   0x0000001a   Code   RO         2896    i.TIM_OC2PreloadConfig  stm32f10x_tim.o
    0x080054a6   0x080054a6   0x00000002   PAD
    0x080054a8   0x080054a8   0x000000a0   Code   RO         2898    i.TIM_OC3Init       stm32f10x_tim.o
    0x08005548   0x08005548   0x00000012   Code   RO         2901    i.TIM_OC3PreloadConfig  stm32f10x_tim.o
    0x0800555a   0x0800555a   0x00000002   PAD
    0x0800555c   0x0800555c   0x0000007c   Code   RO         2903    i.TIM_OC4Init       stm32f10x_tim.o
    0x080055d8   0x080055d8   0x0000001a   Code   RO         2905    i.TIM_OC4PreloadConfig  stm32f10x_tim.o
    0x080055f2   0x080055f2   0x00000004   Code   RO         2918    i.TIM_SetAutoreload  stm32f10x_tim.o
    0x080055f6   0x080055f6   0x00000004   Code   RO         2920    i.TIM_SetCompare1   stm32f10x_tim.o
    0x080055fa   0x080055fa   0x00000004   Code   RO         2921    i.TIM_SetCompare2   stm32f10x_tim.o
    0x080055fe   0x080055fe   0x00000004   Code   RO         2922    i.TIM_SetCompare3   stm32f10x_tim.o
    0x08005602   0x08005602   0x00000006   Code   RO         2923    i.TIM_SetCompare4   stm32f10x_tim.o
    0x08005608   0x08005608   0x00000012   Code   RO         2925    i.TIM_SetIC1Prescaler  stm32f10x_tim.o
    0x0800561a   0x0800561a   0x0000001a   Code   RO         2926    i.TIM_SetIC2Prescaler  stm32f10x_tim.o
    0x08005634   0x08005634   0x00000012   Code   RO         2927    i.TIM_SetIC3Prescaler  stm32f10x_tim.o
    0x08005646   0x08005646   0x0000001a   Code   RO         2928    i.TIM_SetIC4Prescaler  stm32f10x_tim.o
    0x08005660   0x08005660   0x000000a4   Code   RO         2930    i.TIM_TimeBaseInit  stm32f10x_tim.o
    0x08005704   0x08005704   0x00000018   Code   RO          546    i.TimingDelay_Decrement  bsp.o
    0x0800571c   0x0800571c   0x00000358   Code   RO          547    i.UART4_IRQHandler  bsp.o
    0x08005a74   0x08005a74   0x0000002c   Code   RO          476    i.UART5_IRQHandler  stm32f10x_it.o
    0x08005aa0   0x08005aa0   0x00000018   Code   RO         3395    i.USART_Cmd         stm32f10x_usart.o
    0x08005ab8   0x08005ab8   0x0000001a   Code   RO         3398    i.USART_GetFlagStatus  stm32f10x_usart.o
    0x08005ad2   0x08005ad2   0x00000054   Code   RO         3399    i.USART_GetITStatus  stm32f10x_usart.o
    0x08005b26   0x08005b26   0x0000004a   Code   RO         3401    i.USART_ITConfig    stm32f10x_usart.o
    0x08005b70   0x08005b70   0x000000d8   Code   RO         3402    i.USART_Init        stm32f10x_usart.o
    0x08005c48   0x08005c48   0x0000000a   Code   RO         3409    i.USART_ReceiveData  stm32f10x_usart.o
    0x08005c52   0x08005c52   0x00000008   Code   RO         3412    i.USART_SendData    stm32f10x_usart.o
    0x08005c5a   0x08005c5a   0x00000004   Code   RO          477    i.UsageFault_Handler  stm32f10x_it.o
    0x08005c5e   0x08005c5e   0x00000048   Code   RO          240    i.clear_gdram       lcd12864.o
    0x08005ca6   0x08005ca6   0x00000002   PAD
    0x08005ca8   0x08005ca8   0x000000a0   Code   RO          548    i.key_scan          bsp.o
    0x08005d48   0x08005d48   0x000000fa   Code   RO          241    i.lcd_draw_dot      lcd12864.o
    0x08005e42   0x08005e42   0x00000002   PAD
    0x08005e44   0x08005e44   0x00000058   Code   RO          242    i.lcd_read_data     lcd12864.o
    0x08005e9c   0x08005e9c   0x00000120   Code   RO          332    i.main              main.o
    0x08005fbc   0x08005fbc   0x000002b0   Code   RO         3632    x$fpl$ddiv          fz_ws.l(ddiv.o)
    0x0800626c   0x0800626c   0x0000005a   Code   RO         3635    x$fpl$dfixu         fz_ws.l(dfixu.o)
    0x080062c6   0x080062c6   0x00000026   Code   RO         3639    x$fpl$dfltu         fz_ws.l(dflt_clz.o)
    0x080062ec   0x080062ec   0x00000154   Code   RO         3645    x$fpl$dmul          fz_ws.l(dmul.o)
    0x08006440   0x08006440   0x0000009c   Code   RO         3648    x$fpl$dnaninf       fz_ws.l(dnaninf.o)
    0x080064dc   0x080064dc   0x0000000c   Code   RO         3650    x$fpl$dretinf       fz_ws.l(dretinf.o)
    0x080064e8   0x080064e8   0x00000000   Code   RO         3652    x$fpl$usenofp       fz_ws.l(usenofp.o)
    0x080064e8   0x080064e8   0x00000020   Data   RO         3805    Region$$Table       anon$$obj.o


    Execution Region RW_IRAM1 (Exec base: 0x20000000, Load base: 0x08006508, Size: 0x00000a10, Max: 0x00010000, ABSOLUTE, COMPRESSED[0x000000ec])

    Exec Addr    Load Addr    Size         Type   Attr      Idx    E Section Name        Object

    0x20000000   COMPRESSED   0x00000024   Data   RW           18    .data               adc.o
    0x20000024   COMPRESSED   0x00000010   Data   RW          200    .data               keypad.o
    0x20000034   COMPRESSED   0x00000150   Data   RW          243    .data               lcd12864.o
    0x20000184   COMPRESSED   0x000000c8   Data   RW          360    .data               motor.o
    0x2000024c   COMPRESSED   0x00000010   Data   RW          425    .data               pwm.o
    0x2000025c   COMPRESSED   0x00000011   Data   RW          550    .data               bsp.o
    0x2000026d   COMPRESSED   0x00000014   Data   RW         2255    .data               stm32f10x_rcc.o
    0x20000281   COMPRESSED   0x00000003   PAD
    0x20000284        -       0x00000040   Zero   RW           17    .bss                adc.o
    0x200002c4        -       0x000000d0   Zero   RW          359    .bss                motor.o
    0x20000394        -       0x00000018   Zero   RW          549    .bss                bsp.o
    0x200003ac        -       0x00000060   Zero   RW         3679    .bss                c_w.l(libspace.o)
    0x2000040c   COMPRESSED   0x00000004   PAD
    0x20000410        -       0x00000200   Zero   RW            2    HEAP                startup_stm32f10x_hd.o
    0x20000610        -       0x00000400   Zero   RW            1    STACK               startup_stm32f10x_hd.o


==============================================================================

Image component sizes


      Code (inc. data)   RO Data    RW Data    ZI Data      Debug   Object Name

       934        120          0         36         64     284382   adc.o
      1402        160          0          0          0       2272   adjust.o
      1464        176          0         17         24       7038   bsp.o
       240         24          0         16          0       2302   keypad.o
      6518        234          0        336          0      11224   lcd12864.o
       288         36          0          0          0      16062   main.o
       132         22          0          0          0       2015   misc.o
      2780        318          0        200        208       5930   motor.o
      3744        410          0          0          0       4712   operate.o
      1510        110          0         16          0       4694   pwm.o
        64         26        304          0       1536        904   startup_stm32f10x_hd.o
       390         10          0          0          0       8681   stm32f10x_adc.o
       506         26          0          0          0       6071   stm32f10x_dma.o
       286         36          0          0          0       4732   stm32f10x_flash.o
       456          6          0          0          0       5979   stm32f10x_gpio.o
        76          6          0          0          0       5053   stm32f10x_it.o
       332         44          0         20          0       6457   stm32f10x_rcc.o
      1938        200          0          0          0      24231   stm32f10x_tim.o
       442          6          0          0          0       7225   stm32f10x_usart.o
       328         28          0          0          0       2381   system_stm32f10x.o

    ----------------------------------------------------------------------
     23862       1998        336        644       1832     412345   Object Totals
         0          0         32          0          0          0   (incl. Generated)
        32          0          0          3          0          0   (incl. Padding)

    ----------------------------------------------------------------------

      Code (inc. data)   RO Data    RW Data    ZI Data      Debug   Library Member Name

        90          0          0          0          0          0   __dczerorl2.o
         8          0          0          0          0         68   __main.o
         0          0          0          0          0          0   __rtentry.o
        12          0          0          0          0          0   __rtentry2.o
         6          0          0          0          0          0   __rtentry4.o
        52          8          0          0          0          0   __scatter.o
        28          0          0          0          0          0   __scatter_zi.o
        18          0          0          0          0         80   exit.o
         6          0          0          0          0        152   heapauxi.o
         0          0          0          0          0          0   indicate_semi.o
         2          0          0          0          0          0   libinit.o
         2          0          0          0          0          0   libinit2.o
         2          0          0          0          0          0   libshutdown.o
         2          0          0          0          0          0   libshutdown2.o
         8          4          0          0         96         68   libspace.o
         2          0          0          0          0          0   rtexit.o
        10          0          0          0          0          0   rtexit2.o
        12          4          0          0          0         68   sys_exit.o
        74          0          0          0          0         80   sys_stackheap_outer.o
         2          0          0          0          0         68   use_no_semi.o
       688        140          0          0          0        208   ddiv.o
        90          4          0          0          0         92   dfixu.o
        38          0          0          0          0         68   dflt_clz.o
       340         12          0          0          0        104   dmul.o
       156          4          0          0          0         92   dnaninf.o
        12          0          0          0          0         68   dretinf.o
         0          0          0          0          0          0   usenofp.o

    ----------------------------------------------------------------------
      1666        176          0          0        100       1216   Library Totals
         6          0          0          0          4          0   (incl. Padding)

    ----------------------------------------------------------------------

      Code (inc. data)   RO Data    RW Data    ZI Data      Debug   Library Name

       336         16          0          0         96        584   c_w.l
      1324        160          0          0          0        632   fz_ws.l

    ----------------------------------------------------------------------
      1666        176          0          0        100       1216   Library Totals

    ----------------------------------------------------------------------

==============================================================================


      Code (inc. data)   RO Data    RW Data    ZI Data      Debug   

     25528       2174        336        644       1932     406381   Grand Totals
     25528       2174        336        236       1932     406381   ELF Image Totals (compressed)
     25528       2174        336        236          0          0   ROM Totals

==============================================================================

    Total RO  Size (Code + RO Data)                25864 (  25.26kB)
    Total RW  Size (RW Data + ZI Data)              2576 (   2.52kB)
    Total ROM Size (Code + RO Data + RW Data)      26100 (  25.49kB)

==============================================================================

