<html>
<body>
<pre>
<h1>礦ision Build Log</h1>
<h2>Tool Versions:</h2>
IDE-Version: μVision V5.25.3.0
Copyright (C) 2018 ARM Ltd and ARM Germany GmbH. All rights reserved.
License Information: s linyiii, s, LIC=RC93N-YV3L9-45IT5-GNVF2-KGD9F-G17I5
 
Tool Versions:
Toolchain:       MDK-ARM Plus  Version: 5.26.2.0
Toolchain Path:  D:\Program Files\keil_v5\ARM\ARMCC\Bin
C Compiler:      Armcc.exe V5.06 update 6 (build 750)
Assembler:       Armasm.exe V5.06 update 6 (build 750)
Linker/Locator:  ArmLink.exe V5.06 update 6 (build 750)
Library Manager: ArmAr.exe V5.06 update 6 (build 750)
Hex Converter:   FromElf.exe V5.06 update 6 (build 750)
CPU DLL:         SARMCM3.DLL V5.26.2.0
Dialog DLL:      DARMSTM.DLL V1.68.0.0
Target DLL:      STLink\ST-LINKIII-KEIL_SWO.dll V3.0.5.0
Dialog DLL:      TARMSTM.DLL V1.66.0.0
 
<h2>Project:</h2>
E:\my_program\32_F103_program\102-国赛\程序源代码和调试使用说明\DCP-28-STM32 OV7725摄像头\Project\demo.uvprojx
Project File Date:  04/01/2023

<h2>Output:</h2>
*** Using Compiler 'V5.06 update 6 (build 750)', folder: 'D:\Program Files\keil_v5\ARM\ARMCC\Bin'
Build target 'DCP-28'
compiling exti.c...
compiling ov7670.c...
compiling delay.c...
compiling main.c...
..\App\main.c(50): warning:  #550-D: variable "SI"  was set but never used
  	double HI,SI,VI;
..\App\main.c(51): warning:  #550-D: variable "x_mid"  was set but never used
  	u16 x_mid,y_mid;
..\App\main.c(51): warning:  #550-D: variable "y_mid"  was set but never used
  	u16 x_mid,y_mid;
..\App\main.c(53): warning:  #177-D: variable "l_num"  was declared but never referenced
  	u16 l_min,l_max,l_num;
..\App\main.c: 4 warnings, 0 errors
compiling stm32f10x_it.c...
compiling sccb.c...
compiling ov7725.c...
..\App\ov7725.c(22): warning:  #177-D: variable "reg"  was declared but never referenced
  	u16 reg=0;
..\App\ov7725.c: 1 warning, 0 errors
compiling sys.c...
compiling timer.c...
compiling bsp.c...
compiling core_cm3.c...
compiling system_stm32f10x.c...
compiling misc.c...
compiling stm32f10x_bkp.c...
compiling stm32f10x_adc.c...
compiling stm32f10x_can.c...
compiling stm32f10x_cec.c...
compiling stm32f10x_crc.c...
compiling stm32f10x_dac.c...
compiling stm32f10x_dbgmcu.c...
compiling stm32f10x_dma.c...
compiling stm32f10x_exti.c...
compiling stm32f10x_flash.c...
compiling stm32f10x_fsmc.c...
compiling stm32f10x_gpio.c...
compiling stm32f10x_i2c.c...
compiling stm32f10x_iwdg.c...
compiling stm32f10x_pwr.c...
compiling stm32f10x_rcc.c...
compiling stm32f10x_rtc.c...
compiling stm32f10x_sdio.c...
compiling stm32f10x_spi.c...
compiling stm32f10x_usart.c...
compiling stm32f10x_tim.c...
compiling stm32f10x_wwdg.c...
linking...
Program Size: Code=9132 RO-data=468 RW-data=80 ZI-data=2952  
".\Objects\demo.axf" - 0 Error(s), 5 Warning(s).

<h2>Software Packages used:</h2>

Package Vendor: Keil
                http://www.keil.com/pack/Keil.STM32F1xx_DFP.2.2.0.pack
                Keil.STM32F1xx_DFP.2.2.0
                STMicroelectronics STM32F1 Series Device Support, Drivers and Examples

<h2>Collection of Component include folders:</h2>
  .\RTE\_DCP-28
  D:\Program Files\Keil_v5\ARM\PACK\STM32F1xx_DFP\2.2.0\Device\Include

<h2>Collection of Component Files used:</h2>
Build Time Elapsed:  00:00:22
</pre>
</body>
</html>
